Component: ARM Compiler 5.06 update 3 (build 300) Tool: armlink [4d35c9]

==============================================================================

Section Cross References

    main.o(.text) refers to delay.o(.text) for delay_init
    main.o(.text) refers to misc.o(.text) for NVIC_PriorityGroupConfig
    main.o(.text) refers to my_usart.o(.text) for USARTX_Init
    main.o(.text) refers to led.o(.text) for LED_Init
    main.o(.text) refers to ad9854.o(.text) for AD9854_Init
    main.o(.text) refers to hsmp3816.o(.text) for HSMP3816_Init
    main.o(.text) refers to pe43503.o(.text) for PE43503_Init
    main.o(.text) refers to lcddisplay.o(.text) for LCD_Show_Init
    main.o(.text) refers to key.o(.text) for Key_Init
    main.o(.text) refers to printf5.o(i.__0printf$5) for __2printf
    main.o(.text) refers to strcmp.o(.text) for strcmp
    main.o(.text) refers to atoi.o(.text) for atoi
    main.o(.text) refers to stm32f10x_exti.o(.text) for EXTI_ClearITPendingBit
    main.o(.text) refers to stm32f10x_tim.o(.text) for TIM_GetITStatus
    main.o(.text) refers to dflti.o(.text) for __aeabi_i2d
    main.o(.text) refers to dmul.o(.text) for __aeabi_dmul
    main.o(.text) refers to dfixui.o(.text) for __aeabi_d2uiz
    main.o(.text) refers to lcddisplay.o(.data) for LCD_POINT_HZ
    main.o(.text) refers to main.o(.data) for frequceny
    system_stm32f10x.o(.text) refers to system_stm32f10x.o(.data) for SystemCoreClock
    startup_stm32f10x_hd.o(RESET) refers to startup_stm32f10x_hd.o(STACK) for __initial_sp
    startup_stm32f10x_hd.o(RESET) refers to startup_stm32f10x_hd.o(.text) for Reset_Handler
    startup_stm32f10x_hd.o(RESET) refers to stm32f10x_it.o(.text) for NMI_Handler
    startup_stm32f10x_hd.o(RESET) refers to main.o(.text) for TIM3_IRQHandler
    startup_stm32f10x_hd.o(RESET) refers to usart.o(.text) for USART1_IRQHandler
    startup_stm32f10x_hd.o(RESET) refers to my_usart.o(.text) for UART4_IRQHandler
    startup_stm32f10x_hd.o(.text) refers to system_stm32f10x.o(.text) for SystemInit
    startup_stm32f10x_hd.o(.text) refers to entry.o(.ARM.Collect$$$$00000000) for __main
    stm32f10x_adc.o(.text) refers to stm32f10x_rcc.o(.text) for RCC_APB2PeriphResetCmd
    stm32f10x_bkp.o(.text) refers to stm32f10x_rcc.o(.text) for RCC_BackupResetCmd
    stm32f10x_can.o(.text) refers to stm32f10x_rcc.o(.text) for RCC_APB1PeriphResetCmd
    stm32f10x_cec.o(.text) refers to stm32f10x_rcc.o(.text) for RCC_APB1PeriphResetCmd
    stm32f10x_dac.o(.text) refers to stm32f10x_rcc.o(.text) for RCC_APB1PeriphResetCmd
    stm32f10x_gpio.o(.text) refers to stm32f10x_rcc.o(.text) for RCC_APB2PeriphResetCmd
    stm32f10x_i2c.o(.text) refers to stm32f10x_rcc.o(.text) for RCC_APB1PeriphResetCmd
    stm32f10x_pwr.o(.text) refers to stm32f10x_rcc.o(.text) for RCC_APB1PeriphResetCmd
    stm32f10x_rcc.o(.text) refers to stm32f10x_rcc.o(.data) for APBAHBPrescTable
    stm32f10x_spi.o(.text) refers to stm32f10x_rcc.o(.text) for RCC_APB2PeriphResetCmd
    stm32f10x_tim.o(.text) refers to stm32f10x_rcc.o(.text) for RCC_APB2PeriphResetCmd
    stm32f10x_usart.o(.text) refers to stm32f10x_rcc.o(.text) for RCC_APB2PeriphResetCmd
    stm32f10x_wwdg.o(.text) refers to stm32f10x_rcc.o(.text) for RCC_APB1PeriphResetCmd
    delay.o(.text) refers to misc.o(.text) for SysTick_CLKSourceConfig
    delay.o(.text) refers to system_stm32f10x.o(.data) for SystemCoreClock
    delay.o(.text) refers to delay.o(.data) for fac_us
    usart.o(.text) refers to stm32f10x_rcc.o(.text) for RCC_APB2PeriphClockCmd
    usart.o(.text) refers to stm32f10x_gpio.o(.text) for GPIO_Init
    usart.o(.text) refers to misc.o(.text) for NVIC_Init
    usart.o(.text) refers to stm32f10x_usart.o(.text) for USART_Init
    usart.o(.text) refers to usart.o(.data) for USART_RX_STA
    usart.o(.text) refers to usart.o(.bss) for USART_RX_BUF
    ad9854.o(.text) refers to delay.o(.text) for delay_ms
    ad9854.o(.text) refers to stm32f10x_spi.o(.text) for SPI_I2S_GetFlagStatus
    ad9854.o(.text) refers to stm32f10x_rcc.o(.text) for RCC_APB2PeriphClockCmd
    ad9854.o(.text) refers to stm32f10x_gpio.o(.text) for GPIO_Init
    ad9854.o(.text) refers to ad9854.o(.bss) for SPI_InitStructure
    led.o(.text) refers to stm32f10x_rcc.o(.text) for RCC_APB2PeriphClockCmd
    led.o(.text) refers to stm32f10x_gpio.o(.text) for GPIO_Init
    pe43503.o(.text) refers to stm32f10x_rcc.o(.text) for RCC_APB2PeriphClockCmd
    pe43503.o(.text) refers to stm32f10x_gpio.o(.text) for GPIO_Init
    pe43503.o(.text) refers to delay.o(.text) for delay_us
    tool.o(.text) refers to strlen.o(.text) for strlen
    hsmp3816.o(.text) refers to stm32f10x_rcc.o(.text) for RCC_APB2PeriphClockCmd
    hsmp3816.o(.text) refers to stm32f10x_gpio.o(.text) for GPIO_Init
    hsmp3816.o(.text) refers to stm32f10x_dac.o(.text) for DAC_Init
    hsmp3816.o(.text) refers to fflti.o(.text) for __aeabi_i2f
    hsmp3816.o(.text) refers to fdiv.o(.text) for __aeabi_fdiv
[...]
    _strtoul.o(.text) refers to errno.o(i.__aeabi_errno_addr) for __aeabi_errno_addr
    ctype_c.o(.text) refers to ctype_c.o(.constdata) for .constdata


==============================================================================

Removing Unused input sections from the image.

    Removing main.o(.bss), (40 bytes).
    Removing core_cm3.o(.emb_text), (32 bytes).
    Removing startup_stm32f10x_hd.o(HEAP), (512 bytes).
    Removing stm32f10x_adc.o(.text), (1102 bytes).
    Removing stm32f10x_bkp.o(.text), (196 bytes).
    Removing stm32f10x_can.o(.text), (2544 bytes).
    Removing stm32f10x_cec.o(.text), (288 bytes).
    Removing stm32f10x_crc.o(.text), (72 bytes).
    Removing stm32f10x_dbgmcu.o(.text), (48 bytes).
    Removing stm32f10x_dma.o(.text), (596 bytes).
    Removing stm32f10x_flash.o(.text), (1468 bytes).
    Removing stm32f10x_i2c.o(.text), (1028 bytes).
    Removing stm32f10x_iwdg.o(.text), (64 bytes).
    Removing stm32f10x_pwr.o(.text), (204 bytes).
    Removing stm32f10x_rtc.o(.text), (328 bytes).
    Removing stm32f10x_sdio.o(.text), (468 bytes).
    Removing stm32f10x_wwdg.o(.text), (136 bytes).
    Removing sys.o(.emb_text), (6 bytes).
    Removing sys.o(.text), (12 bytes).
    Removing input.o(.text), (240 bytes).
    Removing capture.o(.text), (252 bytes).
    Removing capture.o(.bss), (10 bytes).
    Removing menu.o(.text), (352 bytes).
    Removing menu.o(.data), (8 bytes).
    Removing dadd.o(.text), (334 bytes).
    Removing dfixul.o(.text), (48 bytes).
    Removing cdrcmple.o(.text), (48 bytes).

27 unused section(s) (total 10436 bytes) removed from the image.

==============================================================================

Image Symbol Table

    Local Symbols

    Symbol Name                              Value     Ov Type        Size  Object(Section)

    ../clib/../cmprslib/zerorunl2.c          0x00000000   Number         0  __dczerorl2.o ABSOLUTE
    ../clib/microlib/ctype/ctype.c           0x00000000   Number         0  isxdigit_o.o ABSOLUTE
    ../clib/microlib/ctype/ctype.c           0x00000000   Number         0  ctype_o.o ABSOLUTE
    ../clib/microlib/ctype/ctype.c           0x00000000   Number         0  isspace_o.o ABSOLUTE
    ../clib/microlib/ctype/ctype.c           0x00000000   Number         0  iscntrl_o.o ABSOLUTE
    ../clib/microlib/ctype/ctype.c           0x00000000   Number         0  isupper_o.o ABSOLUTE
    ../clib/microlib/ctype/ctype.c           0x00000000   Number         0  ctype_c.o ABSOLUTE
    ../clib/microlib/ctype/ctype.c           0x00000000   Number         0  isdigit_o.o ABSOLUTE
    ../clib/microlib/ctype/ctype.c           0x00000000   Number         0  isgraph_o.o ABSOLUTE
    ../clib/microlib/ctype/ctype.c           0x00000000   Number         0  islower_o.o ABSOLUTE
    ../clib/microlib/ctype/ctype.c           0x00000000   Number         0  isprint_o.o ABSOLUTE
    ../clib/microlib/ctype/ctype.c           0x00000000   Number         0  ispunct_o.o ABSOLUTE
    ../clib/microlib/ctype/ctype.c           0x00000000   Number         0  isblank_o.o ABSOLUTE
    ../clib/microlib/ctype/ctype.c           0x00000000   Number         0  isalpha_o.o ABSOLUTE
    ../clib/microlib/ctype/ctype.c           0x00000000   Number         0  isalnum_o.o ABSOLUTE
    ../clib/microlib/ctype/ctype.c           0x00000000   Number         0  isspace_c.o ABSOLUTE
    ../clib/microlib/division.c              0x00000000   Number         0  uidiv.o ABSOLUTE
    ../clib/microlib/division.c              0x00000000   Number         0  uldiv.o ABSOLUTE
    ../clib/microlib/errno.c                 0x00000000   Number         0  errno.o ABSOLUTE
    ../clib/microlib/init/entry.s            0x00000000   Number         0  entry5.o ABSOLUTE
    ../clib/microlib/init/entry.s            0x00000000   Number         0  entry.o ABSOLUTE
    ../clib/microlib/init/entry.s            0x00000000   Number         0  entry10a.o ABSOLUTE
    ../clib/microlib/init/entry.s            0x00000000   Number         0  entry10b.o ABSOLUTE
    ../clib/microlib/init/entry.s            0x00000000   Number         0  entry7b.o ABSOLUTE
    ../clib/microlib/init/entry.s            0x00000000   Number         0  entry11a.o ABSOLUTE
    ../clib/microlib/init/entry.s            0x00000000   Number         0  entry11b.o ABSOLUTE
    ../clib/microlib/init/entry.s            0x00000000   Number         0  entry7a.o ABSOLUTE
    ../clib/microlib/init/entry.s            0x00000000   Number         0  entry9b.o ABSOLUTE
    ../clib/microlib/init/entry.s            0x00000000   Number         0  entry9a.o ABSOLUTE
    ../clib/microlib/init/entry.s            0x00000000   Number         0  entry8b.o ABSOLUTE
    ../clib/microlib/init/entry.s            0x00000000   Number         0  entry8a.o ABSOLUTE
    ../clib/microlib/init/entry.s            0x00000000   Number         0  entry2.o ABSOLUTE
    ../clib/microlib/longlong.c              0x00000000   Number         0  llshl.o ABSOLUTE
    ../clib/microlib/longlong.c              0x00000000   Number         0  llsshr.o ABSOLUTE
    ../clib/microlib/longlong.c              0x00000000   Number         0  llushr.o ABSOLUTE
    ../clib/microlib/malloc/malloc.c         0x00000000   Number         0  mallocra.o ABSOLUTE
    ../clib/microlib/malloc/malloc.c         0x00000000   Number         0  malloca.o ABSOLUTE
    ../clib/microlib/malloc/malloc.c         0x00000000   Number         0  mallocr.o ABSOLUTE
    ../clib/microlib/malloc/malloc.c         0x00000000   Number         0  malloc.o ABSOLUTE
    ../clib/microlib/malloc/mvars.c          0x00000000   Number         0  mvars.o ABSOLUTE
    ../clib/microlib/printf/printf.c         0x00000000   Number         0  printfa.o ABSOLUTE
    ../clib/microlib/printf/printf.c         0x00000000   Number         0  printf6.o ABSOLUTE
    ../clib/microlib/printf/printf.c         0x00000000   Number         0  printf5.o ABSOLUTE
    ../clib/microlib/printf/printf.c         0x00000000   Number         0  printf8.o ABSOLUTE
    ../clib/microlib/printf/printf.c         0x00000000   Number         0  printf4.o ABSOLUTE
    ../clib/microlib/printf/printf.c         0x00000000   Number         0  printf3.o ABSOLUTE
    ../clib/microlib/printf/printf.c         0x00000000   Number         0  printf2.o ABSOLUTE
    ../clib/microlib/printf/printf.c         0x00000000   Number         0  printf1.o ABSOLUTE
    ../clib/microlib/printf/printf.c         0x00000000   Number         0  printf0.o ABSOLUTE
    ../clib/microlib/printf/printf.c         0x00000000   Number         0  printfb.o ABSOLUTE
    ../clib/microlib/printf/printf.c         0x00000000   Number         0  printf7.o ABSOLUTE
    ../clib/microlib/printf/stubs.s          0x00000000   Number         0  stubs.o ABSOLUTE
    ../clib/microlib/string/memcpy.c         0x00000000   Number         0  memcpya.o ABSOLUTE
    ../clib/microlib/string/memcpy.c         0x00000000   Number         0  memcpyb.o ABSOLUTE
    ../clib/microlib/string/memset.c         0x00000000   Number         0  memseta.o ABSOLUTE
    ../clib/microlib/string/strcat.c         0x00000000   Number         0  strcat.o ABSOLUTE
    ../clib/microlib/string/strcmp.c         0x00000000   Number         0  strcmp.o ABSOLUTE
    ../clib/microlib/string/strlen.c         0x00000000   Number         0  strlen.o ABSOLUTE
    ../clib/microlib/stubs.s                 0x00000000   Number         0  iusefp.o ABSOLUTE
    ../clib/scanf.c                          0x00000000   Number         0  strtol.o ABSOLUTE
    ../clib/scanf.c                          0x00000000   Number         0  _scanf.o ABSOLUTE
    ../clib/scanf.c                          0x00000000   Number         0  _sgetc.o ABSOLUTE
    ../clib/scanf.c                          0x00000000   Number         0  scanf_char.o ABSOLUTE
    ../clib/scanf.c                          0x00000000   Number         0  _strtoul.o ABSOLUTE
    ../clib/scanf.c                          0x00000000   Number         0  _chval.o ABSOLUTE
    ../clib/scanf.c                          0x00000000   Number         0  _scanf_str.o ABSOLUTE
    ../clib/scanf.c                          0x00000000   Number         0  __0sscanf.o ABSOLUTE
    ../clib/scanf.c                          0x00000000   Number         0  atoi.o ABSOLUTE
    ../fplib/microlib/d2f.c                  0x00000000   Number         0  d2f.o ABSOLUTE
    ../fplib/microlib/f2d.c                  0x00000000   Number         0  f2d.o ABSOLUTE
    ../fplib/microlib/fpadd.c                0x00000000   Number         0  dadd.o ABSOLUTE
    ../fplib/microlib/fpdiv.c                0x00000000   Number         0  ddiv.o ABSOLUTE
    ../fplib/microlib/fpdiv.c                0x00000000   Number         0  fdiv.o ABSOLUTE
    ../fplib/microlib/fpepilogue.c           0x00000000   Number         0  depilogue.o ABSOLUTE
    ../fplib/microlib/fpepilogue.c           0x00000000   Number         0  fepilogue.o ABSOLUTE
    ../fplib/microlib/fpfix.c                0x00000000   Number         0  ffixui.o ABSOLUTE
    ../fplib/microlib/fpfix.c                0x00000000   Number         0  dfixul.o ABSOLUTE
    ../fplib/microlib/fpfix.c                0x00000000   Number         0  dfixui.o ABSOLUTE
    ../fplib/microlib/fpflt.c                0x00000000   Number         0  dflti.o ABSOLUTE
    ../fplib/microlib/fpflt.c                0x00000000   Number         0  fflti.o ABSOLUTE
    ../fplib/microlib/fpmul.c                0x00000000   Number         0  fmul.o ABSOLUTE
    ../fplib/microlib/fpmul.c                0x00000000   Number         0  dmul.o ABSOLUTE
    ..\CORE\core_cm3.c                       0x00000000   Number         0  core_cm3.o ABSOLUTE
    ..\CORE\startup_stm32f10x_hd.s           0x00000000   Number         0  startup_stm32f10x_hd.o ABSOLUTE
    ..\MyLib\AD9854.c                        0x00000000   Number         0  ad9854.o ABSOLUTE
    ..\MyLib\HSMP3816.c                      0x00000000   Number         0  hsmp3816.o ABSOLUTE
    ..\MyLib\PE43503.c                       0x00000000   Number         0  pe43503.o ABSOLUTE
    ..\MyLib\Tool.c                          0x00000000   Number         0  tool.o ABSOLUTE
    ..\MyLib\capture.c                       0x00000000   Number         0  capture.o ABSOLUTE
    ..\MyLib\chfont.c                        0x00000000   Number         0  chfont.o ABSOLUTE
    ..\MyLib\chinese.c                       0x00000000   Number         0  chinese.o ABSOLUTE
    ..\MyLib\input.c                         0x00000000   Number         0  input.o ABSOLUTE
    ..\MyLib\key.c                           0x00000000   Number         0  key.o ABSOLUTE
    ..\MyLib\lcd.c                           0x00000000   Number         0  lcd.o ABSOLUTE
    ..\MyLib\lcdDisplay.c                    0x00000000   Number         0  lcddisplay.o ABSOLUTE
    ..\MyLib\led.c                           0x00000000   Number         0  led.o ABSOLUTE
    ..\MyLib\menu.c                          0x00000000   Number         0  menu.o ABSOLUTE
    ..\MyLib\my_usart.c                      0x00000000   Number         0  my_usart.o ABSOLUTE
    ..\STM32F10x_FWLib\src\misc.c            0x00000000   Number         0  misc.o ABSOLUTE
    ..\STM32F10x_FWLib\src\stm32f10x_adc.c   0x00000000   Number         0  stm32f10x_adc.o ABSOLUTE
    ..\STM32F10x_FWLib\src\stm32f10x_bkp.c   0x00000000   Number         0  stm32f10x_bkp.o ABSOLUTE
    ..\STM32F10x_FWLib\src\stm32f10x_can.c   0x00000000   Number         0  stm32f10x_can.o ABSOLUTE
    ..\STM32F10x_FWLib\src\stm32f10x_cec.c   0x00000000   Number         0  stm32f10x_cec.o ABSOLUTE
    ..\STM32F10x_FWLib\src\stm32f10x_crc.c   0x00000000   Number         0  stm32f10x_crc.o ABSOLUTE
    ..\STM32F10x_FWLib\src\stm32f10x_dac.c   0x00000000   Number         0  stm32f10x_dac.o ABSOLUTE
    ..\STM32F10x_FWLib\src\stm32f10x_dbgmcu.c 0x00000000   Number         0  stm32f10x_dbgmcu.o ABSOLUTE
    ..\STM32F10x_FWLib\src\stm32f10x_dma.c   0x00000000   Number         0  stm32f10x_dma.o ABSOLUTE
    ..\STM32F10x_FWLib\src\stm32f10x_exti.c  0x00000000   Number         0  stm32f10x_exti.o ABSOLUTE
    ..\STM32F10x_FWLib\src\stm32f10x_flash.c 0x00000000   Number         0  stm32f10x_flash.o ABSOLUTE
    ..\STM32F10x_FWLib\src\stm32f10x_fsmc.c  0x00000000   Number         0  stm32f10x_fsmc.o ABSOLUTE
    ..\STM32F10x_FWLib\src\stm32f10x_gpio.c  0x00000000   Number         0  stm32f10x_gpio.o ABSOLUTE
    ..\STM32F10x_FWLib\src\stm32f10x_i2c.c   0x00000000   Number         0  stm32f10x_i2c.o ABSOLUTE
    ..\STM32F10x_FWLib\src\stm32f10x_iwdg.c  0x00000000   Number         0  stm32f10x_iwdg.o ABSOLUTE
    ..\STM32F10x_FWLib\src\stm32f10x_pwr.c   0x00000000   Number         0  stm32f10x_pwr.o ABSOLUTE
    ..\STM32F10x_FWLib\src\stm32f10x_rcc.c   0x00000000   Number         0  stm32f10x_rcc.o ABSOLUTE
    ..\STM32F10x_FWLib\src\stm32f10x_rtc.c   0x00000000   Number         0  stm32f10x_rtc.o ABSOLUTE
    ..\STM32F10x_FWLib\src\stm32f10x_sdio.c  0x00000000   Number         0  stm32f10x_sdio.o ABSOLUTE
    ..\STM32F10x_FWLib\src\stm32f10x_spi.c   0x00000000   Number         0  stm32f10x_spi.o ABSOLUTE
    ..\STM32F10x_FWLib\src\stm32f10x_tim.c   0x00000000   Number         0  stm32f10x_tim.o ABSOLUTE
    ..\STM32F10x_FWLib\src\stm32f10x_usart.c 0x00000000   Number         0  stm32f10x_usart.o ABSOLUTE
    ..\STM32F10x_FWLib\src\stm32f10x_wwdg.c  0x00000000   Number         0  stm32f10x_wwdg.o ABSOLUTE
    ..\SYSTEM\delay\delay.c                  0x00000000   Number         0  delay.o ABSOLUTE
    ..\SYSTEM\sys\sys.c                      0x00000000   Number         0  sys.o ABSOLUTE
    ..\SYSTEM\usart\usart.c                  0x00000000   Number         0  usart.o ABSOLUTE
    ..\\CORE\\core_cm3.c                     0x00000000   Number         0  core_cm3.o ABSOLUTE
    ..\\SYSTEM\\sys\\sys.c                   0x00000000   Number         0  sys.o ABSOLUTE
    cdrcmple.s                               0x00000000   Number         0  cdrcmple.o ABSOLUTE
    dc.s                                     0x00000000   Number         0  dc.o ABSOLUTE
    handlers.s                               0x00000000   Number         0  handlers.o ABSOLUTE
    init.s                                   0x00000000   Number         0  init.o ABSOLUTE
    main.c                                   0x00000000   Number         0  main.o ABSOLUTE
    stm32f10x_it.c                           0x00000000   Number         0  stm32f10x_it.o ABSOLUTE
    system_stm32f10x.c                       0x00000000   Number         0  system_stm32f10x.o ABSOLUTE
    RESET                                    0x08000000   Section      304  startup_stm32f10x_hd.o(RESET)
    .ARM.Collect$$$$00000000                 0x08000130   Section        0  entry.o(.ARM.Collect$$$$00000000)
    .ARM.Collect$$$$00000001                 0x08000130   Section        4  entry2.o(.ARM.Collect$$$$00000001)
    .ARM.Collect$$$$00000004                 0x08000134   Section        4  entry5.o(.ARM.Collect$$$$00000004)
    .ARM.Collect$$$$00000008                 0x08000138   Section        0  entry7b.o(.ARM.Collect$$$$00000008)
    .ARM.Collect$$$$0000000A                 0x08000138   Section        0  entry8b.o(.ARM.Collect$$$$0000000A)
    .ARM.Collect$$$$0000000B                 0x08000138   Section        8  entry9a.o(.ARM.Collect$$$$0000000B)
    .ARM.Collect$$$$0000000D                 0x08000140   Section        0  entry10a.o(.ARM.Collect$$$$0000000D)
    .ARM.Collect$$$$0000000F                 0x08000140   Section        0  entry11a.o(.ARM.Collect$$$$0000000F)
    .ARM.Collect$$$$00002712                 0x08000140   Section        4  entry2.o(.ARM.Collect$$$$00002712)
    __lit__00000000                          0x08000140   Data           4  entry2.o(.ARM.Collect$$$$00002712)
    .text                                    0x08000144   Section        0  main.o(.text)
    .text                                    0x080003f8   Section        0  stm32f10x_it.o(.text)
    .text                                    0x08000414   Section        0  system_stm32f10x.o(.text)
    SetSysClockTo72                          0x08000415   Thumb Code   214  system_stm32f10x.o(.text)
    SetSysClock                              0x080004eb   Thumb Code     8  system_stm32f10x.o(.text)
    .text                                    0x080005f4   Section       36  startup_stm32f10x_hd.o(.text)
    .text                                    0x08000618   Section        0  misc.o(.text)
    .text                                    0x080006f4   Section        0  stm32f10x_dac.o(.text)
    .text                                    0x08000880   Section        0  stm32f10x_exti.o(.text)
    .text                                    0x0800099c   Section        0  stm32f10x_fsmc.o(.text)
    .text                                    0x08000fa8   Section        0  stm32f10x_gpio.o(.text)
    .text                                    0x08001304   Section        0  stm32f10x_rcc.o(.text)
    .text                                    0x080016a8   Section        0  stm32f10x_spi.o(.text)
    .text                                    0x080019b4   Section        0  stm32f10x_tim.o(.text)
    TI4_Config                               0x08001e5b   Thumb Code   130  stm32f10x_tim.o(.text)
    TI3_Config                               0x08001eef   Thumb Code   122  stm32f10x_tim.o(.text)
    TI2_Config                               0x08001f83   Thumb Code   130  stm32f10x_tim.o(.text)
    TI1_Config                               0x08002017   Thumb Code   108  stm32f10x_tim.o(.text)
    .text                                    0x080027d0   Section        0  stm32f10x_usart.o(.text)
    .text                                    0x08002bd8   Section        0  delay.o(.text)
    .text                                    0x08002cac   Section        0  usart.o(.text)
    .text                                    0x08002dd4   Section        0  ad9854.o(.text)
    .text                                    0x08003040   Section        0  led.o(.text)
    .text                                    0x0800306c   Section        0  pe43503.o(.text)
    .text                                    0x08003140   Section        0  tool.o(.text)
    .text                                    0x080031dc   Section        0  hsmp3816.o(.text)
    .text                                    0x08003298   Section        0  key.o(.text)
    .text                                    0x080033f4   Section        0  my_usart.o(.text)
    .text                                    0x080035b4   Section        0  lcd.o(.text)
    .text                                    0x080044ec   Section        0  chinese.o(.text)
    .text                                    0x08004608   Section        0  lcddisplay.o(.text)
    .text                                    0x08004804   Section        0  memcpya.o(.text)
    .text                                    0x08004828   Section        0  memseta.o(.text)
    .text                                    0x0800484c   Section        0  strcat.o(.text)
    .text                                    0x08004864   Section        0  strlen.o(.text)
    .text                                    0x08004872   Section        0  strcmp.o(.text)
    .text                                    0x08004890   Section        0  __0sscanf.o(.text)
    .text                                    0x080048c8   Section        0  _scanf_str.o(.text)
    .text                                    0x080049a8   Section        0  atoi.o(.text)
    .text                                    0x080049c2   Section        0  fmul.o(.text)
    .text                                    0x08004a26   Section        0  fdiv.o(.text)
    .text                                    0x08004aa2   Section        0  dmul.o(.text)
    .text                                    0x08004b86   Section        0  ddiv.o(.text)
    .text                                    0x08004c64   Section        0  fflti.o(.text)
    .text                                    0x08004c76   Section        0  dflti.o(.text)
    .text                                    0x08004c98   Section        0  ffixui.o(.text)
    .text                                    0x08004cc0   Section        0  dfixui.o(.text)
    .text                                    0x08004cf2   Section        0  f2d.o(.text)
    .text                                    0x08004d18   Section        0  d2f.o(.text)
    .text                                    0x08004d50   Section        0  uldiv.o(.text)
    .text                                    0x08004db2   Section        0  llushr.o(.text)
    .text                                    0x08004dd4   Section        0  scanf_char.o(.text)
    _scanf_char_input                        0x08004dd5   Thumb Code    12  scanf_char.o(.text)
    .text                                    0x08004dfc   Section        0  _sgetc.o(.text)
    .text                                    0x08004e3c   Section        0  strtol.o(.text)
    .text                                    0x08004eac   Section        0  iusefp.o(.text)
    .text                                    0x08004eac   Section        0  fepilogue.o(.text)
    .text                                    0x08004f1a   Section        0  depilogue.o(.text)
    .text                                    0x08004fd4   Section       36  init.o(.text)
    .text                                    0x08004ff8   Section        0  llshl.o(.text)
    .text                                    0x08005018   Section        0  ctype_o.o(.text)
    .text                                    0x08005020   Section        0  isspace_o.o(.text)
    .text                                    0x08005034   Section        0  _scanf.o(.text)
    .text                                    0x08005360   Section        0  _strtoul.o(.text)
    .text                                    0x080053fe   Section        0  _chval.o(.text)
    .text                                    0x0800541a   Section        0  __dczerorl2.o(.text)
    i.__0printf$5                            0x08005470   Section        0  printf5.o(i.__0printf$5)
    i.__0sprintf$5                           0x08005490   Section        0  printf5.o(i.__0sprintf$5)
    i.__aeabi_errno_addr                     0x080054b8   Section        0  errno.o(i.__aeabi_errno_addr)
    i.__scatterload_copy                     0x080054c0   Section       14  handlers.o(i.__scatterload_copy)
    i.__scatterload_null                     0x080054ce   Section        2  handlers.o(i.__scatterload_null)
    i.__scatterload_zeroinit                 0x080054d0   Section       14  handlers.o(i.__scatterload_zeroinit)
    i._printf_core                           0x080054e0   Section        0  printf5.o(i._printf_core)
    _printf_core                             0x080054e1   Thumb Code   658  printf5.o(i._printf_core)
    i._sputc                                 0x080057a0   Section        0  printf5.o(i._sputc)
    _sputc                                   0x080057a1   Thumb Code    10  printf5.o(i._sputc)
    .constdata                               0x080057aa   Section     2660  lcd.o(.constdata)
    .constdata                               0x0800620e   Section     9380  chfont.o(.constdata)
    .constdata                               0x080086b2   Section      129  ctype_o.o(.constdata)
    .constdata                               0x08008734   Section        4  ctype_o.o(.constdata)
    table                                    0x08008734   Data           4  ctype_o.o(.constdata)
    .data                                    0x20000000   Section       16  main.o(.data)
    .data                                    0x20000010   Section       20  system_stm32f10x.o(.data)
    .data                                    0x20000024   Section       20  stm32f10x_rcc.o(.data)
    APBAHBPrescTable                         0x20000024   Data          16  stm32f10x_rcc.o(.data)
    ADCPrescTable                            0x20000034   Data           4  stm32f10x_rcc.o(.data)
    .data                                    0x20000038   Section        4  delay.o(.data)
    fac_us                                   0x20000038   Data           1  delay.o(.data)
    fac_ms                                   0x2000003a   Data           2  delay.o(.data)
    .data                                    0x2000003c   Section        6  usart.o(.data)
    .data                                    0x20000042   Section        1  key.o(.data)
    key_up                                   0x20000042   Data           1  key.o(.data)
    .data                                    0x20000044   Section        2  my_usart.o(.data)
    .data                                    0x20000046   Section        4  lcd.o(.data)
    .data                                    0x2000004a   Section       24  lcddisplay.o(.data)
    .data                                    0x20000062   Section      288  chfont.o(.data)
    .data                                    0x20000184   Section        4  errno.o(.data)
    _errno                                   0x20000184   Data           4  errno.o(.data)
    .bss                                     0x20000188   Section      200  usart.o(.bss)
    .bss                                     0x20000250   Section       18  ad9854.o(.bss)
    .bss                                     0x20000262   Section      200  my_usart.o(.bss)
    .bss                                     0x2000032a   Section       10  lcd.o(.bss)
    STACK                                    0x20000338   Section     1024  startup_stm32f10x_hd.o(STACK)

    Global Symbols

    Symbol Name                              Value     Ov Type        Size  Object(Section)

    BuildAttributes$$THM_ISAv4$P$D$K$B$S$PE$A:L22UL41UL21$X:L11$S22US41US21$IEEE1$IW$USESV6$~STKCKD$USESV7$~SHL$OTIME$ROPI$EBA8$MICROLIB$REQ8$PRES8$EABIv2 0x00000000   Number         0  anon$$obj.o ABSOLUTE
    __ARM_use_no_argv                        0x00000000   Number         0  main.o ABSOLUTE
    _printf_a                                0x00000000   Number         0  stubs.o ABSOLUTE
    _printf_c                                0x00000000   Number         0  stubs.o ABSOLUTE
    _printf_charcount                        0x00000000   Number         0  stubs.o ABSOLUTE
    _printf_d                                0x00000000   Number         0  stubs.o ABSOLUTE
    _printf_e                                0x00000000   Number         0  stubs.o ABSOLUTE
    _printf_f                                0x00000000   Number         0  stubs.o ABSOLUTE
    _printf_flags                            0x00000000   Number         0  stubs.o ABSOLUTE
    _printf_fp_dec                           0x00000000   Number         0  stubs.o ABSOLUTE
    _printf_fp_hex                           0x00000000   Number         0  stubs.o ABSOLUTE
    _printf_g                                0x00000000   Number         0  stubs.o ABSOLUTE
    _printf_i                                0x00000000   Number         0  stubs.o ABSOLUTE
    _printf_int_dec                          0x00000000   Number         0  stubs.o ABSOLUTE
    _printf_l                                0x00000000   Number         0  stubs.o ABSOLUTE
    _printf_lc                               0x00000000   Number         0  stubs.o ABSOLUTE
    _printf_ll                               0x00000000   Number         0  stubs.o ABSOLUTE
    _printf_lld                              0x00000000   Number         0  stubs.o ABSOLUTE
    _printf_lli                              0x00000000   Number         0  stubs.o ABSOLUTE
    _printf_llo                              0x00000000   Number         0  stubs.o ABSOLUTE
    _printf_llu                              0x00000000   Number         0  stubs.o ABSOLUTE
    _printf_llx                              0x00000000   Number         0  stubs.o ABSOLUTE
    _printf_longlong_dec                     0x00000000   Number         0  stubs.o ABSOLUTE
    _printf_longlong_hex                     0x00000000   Number         0  stubs.o ABSOLUTE
    _printf_longlong_oct                     0x00000000   Number         0  stubs.o ABSOLUTE
    _printf_ls                               0x00000000   Number         0  stubs.o ABSOLUTE
    _printf_mbtowc                           0x00000000   Number         0  stubs.o ABSOLUTE
    _printf_n                                0x00000000   Number         0  stubs.o ABSOLUTE
    _printf_o                                0x00000000   Number         0  stubs.o ABSOLUTE
    _printf_p                                0x00000000   Number         0  stubs.o ABSOLUTE
    _printf_percent                          0x00000000   Number         0  stubs.o ABSOLUTE
    _printf_pre_padding                      0x00000000   Number         0  stubs.o ABSOLUTE
    _printf_return_value                     0x00000000   Number         0  stubs.o ABSOLUTE
    _printf_s                                0x00000000   Number         0  stubs.o ABSOLUTE
    _printf_sizespec                         0x00000000   Number         0  stubs.o ABSOLUTE
    _printf_str                              0x00000000   Number         0  stubs.o ABSOLUTE
    _printf_truncate_signed                  0x00000000   Number         0  stubs.o ABSOLUTE
    _printf_truncate_unsigned                0x00000000   Number         0  stubs.o ABSOLUTE
    _printf_u                                0x00000000   Number         0  stubs.o ABSOLUTE
    _printf_wc                               0x00000000   Number         0  stubs.o ABSOLUTE
    _printf_wctomb                           0x00000000   Number         0  stubs.o ABSOLUTE
    _printf_widthprec                        0x00000000   Number         0  stubs.o ABSOLUTE
    _printf_x                                0x00000000   Number         0  stubs.o ABSOLUTE
    __cpp_initialize__aeabi_                  - Undefined Weak Reference
    __cxa_finalize                            - Undefined Weak Reference
    _clock_init                               - Undefined Weak Reference
    _microlib_exit                            - Undefined Weak Reference
    _scanf_int                                - Undefined Weak Reference
    _scanf_longlong                           - Undefined Weak Reference
    _scanf_real                               - Undefined Weak Reference
    __Vectors_Size                           0x00000130   Number         0  startup_stm32f10x_hd.o ABSOLUTE
    __Vectors                                0x08000000   Data           4  startup_stm32f10x_hd.o(RESET)
    __Vectors_End                            0x08000130   Data           0  startup_stm32f10x_hd.o(RESET)
    __main                                   0x08000131   Thumb Code     0  entry.o(.ARM.Collect$$$$00000000)
    _main_stk                                0x08000131   Thumb Code     0  entry2.o(.ARM.Collect$$$$00000001)
    _main_scatterload                        0x08000135   Thumb Code     0  entry5.o(.ARM.Collect$$$$00000004)
    __main_after_scatterload                 0x08000139   Thumb Code     0  entry5.o(.ARM.Collect$$$$00000004)
    _main_clock                              0x08000139   Thumb Code     0  entry7b.o(.ARM.Collect$$$$00000008)
    _main_cpp_init                           0x08000139   Thumb Code     0  entry8b.o(.ARM.Collect$$$$0000000A)
    _main_init                               0x08000139   Thumb Code     0  entry9a.o(.ARM.Collect$$$$0000000B)
    __rt_final_cpp                           0x08000141   Thumb Code     0  entry10a.o(.ARM.Collect$$$$0000000D)
    __rt_final_exit                          0x08000141   Thumb Code     0  entry11a.o(.ARM.Collect$$$$0000000F)
    main                                     0x08000145   Thumb Code   142  main.o(.text)
    callbackReceive                          0x080001d3   Thumb Code   142  main.o(.text)
    EXTI15_10_IRQHandler                     0x08000261   Thumb Code    42  main.o(.text)
    TIM3_IRQHandler                          0x0800028b   Thumb Code    52  main.o(.text)
    TIM5_IRQHandler                          0x080002bf   Thumb Code    72  main.o(.text)
    TIM4_IRQHandler                          0x08000307   Thumb Code    94  main.o(.text)
    NMI_Handler                              0x080003f9   Thumb Code     2  stm32f10x_it.o(.text)
    HardFault_Handler                        0x080003fb   Thumb Code     4  stm32f10x_it.o(.text)
    MemManage_Handler                        0x080003ff   Thumb Code     4  stm32f10x_it.o(.text)
    BusFault_Handler                         0x08000403   Thumb Code     4  stm32f10x_it.o(.text)
    UsageFault_Handler                       0x08000407   Thumb Code     4  stm32f10x_it.o(.text)
    SVC_Handler                              0x0800040b   Thumb Code     2  stm32f10x_it.o(.text)
    DebugMon_Handler                         0x0800040d   Thumb Code     2  stm32f10x_it.o(.text)
    PendSV_Handler                           0x0800040f   Thumb Code     2  stm32f10x_it.o(.text)
    SysTick_Handler                          0x08000411   Thumb Code     2  stm32f10x_it.o(.text)
    SystemInit                               0x080004f3   Thumb Code    78  system_stm32f10x.o(.text)
    SystemCoreClockUpdate                    0x08000541   Thumb Code   142  system_stm32f10x.o(.text)
    Reset_Handler                            0x080005f5   Thumb Code     8  startup_stm32f10x_hd.o(.text)
    ADC1_2_IRQHandler                        0x0800060f   Thumb Code     0  startup_stm32f10x_hd.o(.text)
    ADC3_IRQHandler                          0x0800060f   Thumb Code     0  startup_stm32f10x_hd.o(.text)
    CAN1_RX1_IRQHandler                      0x0800060f   Thumb Code     0  startup_stm32f10x_hd.o(.text)
    CAN1_SCE_IRQHandler                      0x0800060f   Thumb Code     0  startup_stm32f10x_hd.o(.text)
    DMA1_Channel1_IRQHandler                 0x0800060f   Thumb Code     0  startup_stm32f10x_hd.o(.text)
    DMA1_Channel2_IRQHandler                 0x0800060f   Thumb Code     0  startup_stm32f10x_hd.o(.text)
    DMA1_Channel3_IRQHandler                 0x0800060f   Thumb Code     0  startup_stm32f10x_hd.o(.text)
    DMA1_Channel4_IRQHandler                 0x0800060f   Thumb Code     0  startup_stm32f10x_hd.o(.text)
    DMA1_Channel5_IRQHandler                 0x0800060f   Thumb Code     0  startup_stm32f10x_hd.o(.text)
    DMA1_Channel6_IRQHandler                 0x0800060f   Thumb Code     0  startup_stm32f10x_hd.o(.text)
    DMA1_Channel7_IRQHandler                 0x0800060f   Thumb Code     0  startup_stm32f10x_hd.o(.text)
    DMA2_Channel1_IRQHandler                 0x0800060f   Thumb Code     0  startup_stm32f10x_hd.o(.text)
    DMA2_Channel2_IRQHandler                 0x0800060f   Thumb Code     0  startup_stm32f10x_hd.o(.text)
    DMA2_Channel3_IRQHandler                 0x0800060f   Thumb Code     0  startup_stm32f10x_hd.o(.text)
    DMA2_Channel4_5_IRQHandler               0x0800060f   Thumb Code     0  startup_stm32f10x_hd.o(.text)
    EXTI0_IRQHandler                         0x0800060f   Thumb Code     0  startup_stm32f10x_hd.o(.text)
    EXTI1_IRQHandler                         0x0800060f   Thumb Code     0  startup_stm32f10x_hd.o(.text)
    EXTI2_IRQHandler                         0x0800060f   Thumb Code     0  startup_stm32f10x_hd.o(.text)
    EXTI3_IRQHandler                         0x0800060f   Thumb Code     0  startup_stm32f10x_hd.o(.text)
    EXTI4_IRQHandler                         0x0800060f   Thumb Code     0  startup_stm32f10x_hd.o(.text)
    EXTI9_5_IRQHandler                       0x0800060f   Thumb Code     0  startup_stm32f10x_hd.o(.text)
    FLASH_IRQHandler                         0x0800060f   Thumb Code     0  startup_stm32f10x_hd.o(.text)
    FSMC_IRQHandler                          0x0800060f   Thumb Code     0  startup_stm32f10x_hd.o(.text)
    I2C1_ER_IRQHandler                       0x0800060f   Thumb Code     0  startup_stm32f10x_hd.o(.text)
    I2C1_EV_IRQHandler                       0x0800060f   Thumb Code     0  startup_stm32f10x_hd.o(.text)
    I2C2_ER_IRQHandler                       0x0800060f   Thumb Code     0  startup_stm32f10x_hd.o(.text)
    I2C2_EV_IRQHandler                       0x0800060f   Thumb Code     0  startup_stm32f10x_hd.o(.text)
    PVD_IRQHandler                           0x0800060f   Thumb Code     0  startup_stm32f10x_hd.o(.text)
    RCC_IRQHandler                           0x0800060f   Thumb Code     0  startup_stm32f10x_hd.o(.text)
    RTCAlarm_IRQHandler                      0x0800060f   Thumb Code     0  startup_stm32f10x_hd.o(.text)
    RTC_IRQHandler                           0x0800060f   Thumb Code     0  startup_stm32f10x_hd.o(.text)
    SDIO_IRQHandler                          0x0800060f   Thumb Code     0  startup_stm32f10x_hd.o(.text)
    SPI1_IRQHandler                          0x0800060f   Thumb Code     0  startup_stm32f10x_hd.o(.text)
    SPI2_IRQHandler                          0x0800060f   Thumb Code     0  startup_stm32f10x_hd.o(.text)
    SPI3_IRQHandler                          0x0800060f   Thumb Code     0  startup_stm32f10x_hd.o(.text)
    TAMPER_IRQHandler                        0x0800060f   Thumb Code     0  startup_stm32f10x_hd.o(.text)
    TIM1_BRK_IRQHandler                      0x0800060f   Thumb Code     0  startup_stm32f10x_hd.o(.text)
    TIM1_CC_IRQHandler                       0x0800060f   Thumb Code     0  startup_stm32f10x_hd.o(.text)
    TIM1_TRG_COM_IRQHandler                  0x0800060f   Thumb Code     0  startup_stm32f10x_hd.o(.text)
    TIM1_UP_IRQHandler                       0x0800060f   Thumb Code     0  startup_stm32f10x_hd.o(.text)
    TIM2_IRQHandler                          0x0800060f   Thumb Code     0  startup_stm32f10x_hd.o(.text)
    TIM6_IRQHandler                          0x0800060f   Thumb Code     0  startup_stm32f10x_hd.o(.text)
    TIM7_IRQHandler                          0x0800060f   Thumb Code     0  startup_stm32f10x_hd.o(.text)
    TIM8_BRK_IRQHandler                      0x0800060f   Thumb Code     0  startup_stm32f10x_hd.o(.text)
    TIM8_CC_IRQHandler                       0x0800060f   Thumb Code     0  startup_stm32f10x_hd.o(.text)
    TIM8_TRG_COM_IRQHandler                  0x0800060f   Thumb Code     0  startup_stm32f10x_hd.o(.text)
    TIM8_UP_IRQHandler                       0x0800060f   Thumb Code     0  startup_stm32f10x_hd.o(.text)
    UART5_IRQHandler                         0x0800060f   Thumb Code     0  startup_stm32f10x_hd.o(.text)
    USART2_IRQHandler                        0x0800060f   Thumb Code     0  startup_stm32f10x_hd.o(.text)
    USART3_IRQHandler                        0x0800060f   Thumb Code     0  startup_stm32f10x_hd.o(.text)
    USBWakeUp_IRQHandler                     0x0800060f   Thumb Code     0  startup_stm32f10x_hd.o(.text)
    USB_HP_CAN1_TX_IRQHandler                0x0800060f   Thumb Code     0  startup_stm32f10x_hd.o(.text)
    USB_LP_CAN1_RX0_IRQHandler               0x0800060f   Thumb Code     0  startup_stm32f10x_hd.o(.text)
    WWDG_IRQHandler                          0x0800060f   Thumb Code     0  startup_stm32f10x_hd.o(.text)
    NVIC_PriorityGroupConfig                 0x08000619   Thumb Code    10  misc.o(.text)
    NVIC_Init                                0x08000623   Thumb Code   100  misc.o(.text)
    NVIC_SetVectorTable                      0x08000687   Thumb Code    14  misc.o(.text)
    NVIC_SystemLPConfig                      0x08000695   Thumb Code    34  misc.o(.text)
    SysTick_CLKSourceConfig                  0x080006b7   Thumb Code    40  misc.o(.text)
    DAC_DeInit                               0x080006f5   Thumb Code    22  stm32f10x_dac.o(.text)
    DAC_Init                                 0x0800070b   Thumb Code    46  stm32f10x_dac.o(.text)
    DAC_StructInit                           0x08000739   Thumb Code    12  stm32f10x_dac.o(.text)
    DAC_Cmd                                  0x08000745   Thumb Code    34  stm32f10x_dac.o(.text)
    DAC_DMACmd                               0x08000767   Thumb Code    38  stm32f10x_dac.o(.text)
    DAC_SoftwareTriggerCmd                   0x0800078d   Thumb Code    48  stm32f10x_dac.o(.text)
    DAC_DualSoftwareTriggerCmd               0x080007bd   Thumb Code    38  stm32f10x_dac.o(.text)
    DAC_WaveGenerationCmd                    0x080007e3   Thumb Code    36  stm32f10x_dac.o(.text)
    DAC_SetChannel1Data                      0x08000807   Thumb Code    26  stm32f10x_dac.o(.text)
    DAC_SetChannel2Data                      0x08000821   Thumb Code    26  stm32f10x_dac.o(.text)
    DAC_SetDualChannelData                   0x0800083b   Thumb Code    32  stm32f10x_dac.o(.text)
    DAC_GetDataOutputValue                   0x0800085b   Thumb Code    32  stm32f10x_dac.o(.text)
    EXTI_DeInit                              0x08000881   Thumb Code    28  stm32f10x_exti.o(.text)
    EXTI_Init                                0x0800089d   Thumb Code   142  stm32f10x_exti.o(.text)
    EXTI_StructInit                          0x0800092b   Thumb Code    16  stm32f10x_exti.o(.text)
    EXTI_GenerateSWInterrupt                 0x0800093b   Thumb Code    16  stm32f10x_exti.o(.text)
    EXTI_GetFlagStatus                       0x0800094b   Thumb Code    22  stm32f10x_exti.o(.text)
    EXTI_ClearFlag                           0x08000961   Thumb Code     8  stm32f10x_exti.o(.text)
    EXTI_GetITStatus                         0x08000969   Thumb Code    34  stm32f10x_exti.o(.text)
    EXTI_ClearITPendingBit                   0x0800098b   Thumb Code     8  stm32f10x_exti.o(.text)
    FSMC_NORSRAMDeInit                       0x0800099d   Thumb Code    54  stm32f10x_fsmc.o(.text)
    FSMC_NANDDeInit                          0x080009d3   Thumb Code    62  stm32f10x_fsmc.o(.text)
    FSMC_PCCARDDeInit                        0x08000a11   Thumb Code    36  stm32f10x_fsmc.o(.text)
    FSMC_NORSRAMInit                         0x08000a35   Thumb Code   230  stm32f10x_fsmc.o(.text)
    FSMC_NANDInit                            0x08000b1b   Thumb Code   132  stm32f10x_fsmc.o(.text)
    FSMC_PCCARDInit                          0x08000b9f   Thumb Code   130  stm32f10x_fsmc.o(.text)
    FSMC_NORSRAMStructInit                   0x08000c21   Thumb Code   114  stm32f10x_fsmc.o(.text)
    FSMC_NANDStructInit                      0x08000c93   Thumb Code    54  stm32f10x_fsmc.o(.text)
    FSMC_PCCARDStructInit                    0x08000cc9   Thumb Code    60  stm32f10x_fsmc.o(.text)
    FSMC_NORSRAMCmd                          0x08000d05   Thumb Code    46  stm32f10x_fsmc.o(.text)
    FSMC_NANDCmd                             0x08000d33   Thumb Code    86  stm32f10x_fsmc.o(.text)
    FSMC_PCCARDCmd                           0x08000d89   Thumb Code    44  stm32f10x_fsmc.o(.text)
    FSMC_NANDECCCmd                          0x08000db5   Thumb Code    90  stm32f10x_fsmc.o(.text)
    FSMC_GetECC                              0x08000e0f   Thumb Code    24  stm32f10x_fsmc.o(.text)
    FSMC_ITConfig                            0x08000e27   Thumb Code   128  stm32f10x_fsmc.o(.text)
    FSMC_GetFlagStatus                       0x08000ea7   Thumb Code    54  stm32f10x_fsmc.o(.text)
    FSMC_ClearFlag                           0x08000edd   Thumb Code    62  stm32f10x_fsmc.o(.text)
    FSMC_GetITStatus                         0x08000f1b   Thumb Code    64  stm32f10x_fsmc.o(.text)
    FSMC_ClearITPendingBit                   0x08000f5b   Thumb Code    68  stm32f10x_fsmc.o(.text)
    GPIO_DeInit                              0x08000fa9   Thumb Code   172  stm32f10x_gpio.o(.text)
    GPIO_AFIODeInit                          0x08001055   Thumb Code    20  stm32f10x_gpio.o(.text)
    GPIO_Init                                0x08001069   Thumb Code   278  stm32f10x_gpio.o(.text)
    GPIO_StructInit                          0x0800117f   Thumb Code    16  stm32f10x_gpio.o(.text)
    GPIO_ReadInputDataBit                    0x0800118f   Thumb Code    18  stm32f10x_gpio.o(.text)
    GPIO_ReadInputData                       0x080011a1   Thumb Code     8  stm32f10x_gpio.o(.text)
    GPIO_ReadOutputDataBit                   0x080011a9   Thumb Code    18  stm32f10x_gpio.o(.text)
    GPIO_ReadOutputData                      0x080011bb   Thumb Code     8  stm32f10x_gpio.o(.text)
    GPIO_SetBits                             0x080011c3   Thumb Code     4  stm32f10x_gpio.o(.text)
    GPIO_ResetBits                           0x080011c7   Thumb Code     4  stm32f10x_gpio.o(.text)
    GPIO_WriteBit                            0x080011cb   Thumb Code    10  stm32f10x_gpio.o(.text)
    GPIO_Write                               0x080011d5   Thumb Code     4  stm32f10x_gpio.o(.text)
    GPIO_PinLockConfig                       0x080011d9   Thumb Code    18  stm32f10x_gpio.o(.text)
    GPIO_EventOutputConfig                   0x080011eb   Thumb Code    26  stm32f10x_gpio.o(.text)
    GPIO_EventOutputCmd                      0x08001205   Thumb Code     6  stm32f10x_gpio.o(.text)
    GPIO_PinRemapConfig                      0x0800120b   Thumb Code   138  stm32f10x_gpio.o(.text)
    GPIO_EXTILineConfig                      0x08001295   Thumb Code    66  stm32f10x_gpio.o(.text)
    GPIO_ETH_MediaInterfaceConfig            0x080012d7   Thumb Code     8  stm32f10x_gpio.o(.text)
    RCC_DeInit                               0x08001305   Thumb Code    64  stm32f10x_rcc.o(.text)
    RCC_HSEConfig                            0x08001345   Thumb Code    70  stm32f10x_rcc.o(.text)
    RCC_GetFlagStatus                        0x0800138b   Thumb Code    56  stm32f10x_rcc.o(.text)
    RCC_WaitForHSEStartUp                    0x080013c3   Thumb Code    56  stm32f10x_rcc.o(.text)
    RCC_AdjustHSICalibrationValue            0x080013fb   Thumb Code    20  stm32f10x_rcc.o(.text)
    RCC_HSICmd                               0x0800140f   Thumb Code     6  stm32f10x_rcc.o(.text)
    RCC_PLLConfig                            0x08001415   Thumb Code    24  stm32f10x_rcc.o(.text)
    RCC_PLLCmd                               0x0800142d   Thumb Code     6  stm32f10x_rcc.o(.text)
    RCC_SYSCLKConfig                         0x08001433   Thumb Code    18  stm32f10x_rcc.o(.text)
    RCC_GetSYSCLKSource                      0x08001445   Thumb Code    10  stm32f10x_rcc.o(.text)
    RCC_HCLKConfig                           0x0800144f   Thumb Code    18  stm32f10x_rcc.o(.text)
    RCC_PCLK1Config                          0x08001461   Thumb Code    18  stm32f10x_rcc.o(.text)
    RCC_PCLK2Config                          0x08001473   Thumb Code    20  stm32f10x_rcc.o(.text)
    RCC_ITConfig                             0x08001487   Thumb Code    26  stm32f10x_rcc.o(.text)
    RCC_USBCLKConfig                         0x080014a1   Thumb Code     8  stm32f10x_rcc.o(.text)
    RCC_ADCCLKConfig                         0x080014a9   Thumb Code    18  stm32f10x_rcc.o(.text)
    RCC_LSEConfig                            0x080014bb   Thumb Code    50  stm32f10x_rcc.o(.text)
    RCC_LSICmd                               0x080014ed   Thumb Code     6  stm32f10x_rcc.o(.text)
    RCC_RTCCLKConfig                         0x080014f3   Thumb Code    12  stm32f10x_rcc.o(.text)
    RCC_RTCCLKCmd                            0x080014ff   Thumb Code     8  stm32f10x_rcc.o(.text)
    RCC_GetClocksFreq                        0x08001507   Thumb Code   192  stm32f10x_rcc.o(.text)
    RCC_AHBPeriphClockCmd                    0x080015c7   Thumb Code    26  stm32f10x_rcc.o(.text)
    RCC_APB2PeriphClockCmd                   0x080015e1   Thumb Code    26  stm32f10x_rcc.o(.text)
    RCC_APB1PeriphClockCmd                   0x080015fb   Thumb Code    26  stm32f10x_rcc.o(.text)
    RCC_APB2PeriphResetCmd                   0x08001615   Thumb Code    26  stm32f10x_rcc.o(.text)
    RCC_APB1PeriphResetCmd                   0x0800162f   Thumb Code    26  stm32f10x_rcc.o(.text)
    RCC_BackupResetCmd                       0x08001649   Thumb Code     8  stm32f10x_rcc.o(.text)
    RCC_ClockSecuritySystemCmd               0x08001651   Thumb Code     6  stm32f10x_rcc.o(.text)
    RCC_MCOConfig                            0x08001657   Thumb Code     6  stm32f10x_rcc.o(.text)
    RCC_ClearFlag                            0x0800165d   Thumb Code    14  stm32f10x_rcc.o(.text)
    RCC_GetITStatus                          0x0800166b   Thumb Code    20  stm32f10x_rcc.o(.text)
    RCC_ClearITPendingBit                    0x0800167f   Thumb Code     6  stm32f10x_rcc.o(.text)
    SPI_I2S_DeInit                           0x080016a9   Thumb Code    76  stm32f10x_spi.o(.text)
    SPI_Init                                 0x080016f5   Thumb Code    60  stm32f10x_spi.o(.text)
    I2S_Init                                 0x08001731   Thumb Code   226  stm32f10x_spi.o(.text)
    SPI_StructInit                           0x08001813   Thumb Code    24  stm32f10x_spi.o(.text)
    I2S_StructInit                           0x0800182b   Thumb Code    20  stm32f10x_spi.o(.text)
    SPI_Cmd                                  0x0800183f   Thumb Code    24  stm32f10x_spi.o(.text)
    I2S_Cmd                                  0x08001857   Thumb Code    24  stm32f10x_spi.o(.text)
    SPI_I2S_ITConfig                         0x0800186f   Thumb Code    32  stm32f10x_spi.o(.text)
    SPI_I2S_DMACmd                           0x0800188f   Thumb Code    18  stm32f10x_spi.o(.text)
    SPI_I2S_SendData                         0x080018a1   Thumb Code     4  stm32f10x_spi.o(.text)
    SPI_I2S_ReceiveData                      0x080018a5   Thumb Code     6  stm32f10x_spi.o(.text)
    SPI_NSSInternalSoftwareConfig            0x080018ab   Thumb Code    30  stm32f10x_spi.o(.text)
    SPI_SSOutputCmd                          0x080018c9   Thumb Code    24  stm32f10x_spi.o(.text)
    SPI_DataSizeConfig                       0x080018e1   Thumb Code    18  stm32f10x_spi.o(.text)
    SPI_TransmitCRC                          0x080018f3   Thumb Code    10  stm32f10x_spi.o(.text)
    SPI_CalculateCRC                         0x080018fd   Thumb Code    24  stm32f10x_spi.o(.text)
    SPI_GetCRC                               0x08001915   Thumb Code    16  stm32f10x_spi.o(.text)
    SPI_GetCRCPolynomial                     0x08001925   Thumb Code     6  stm32f10x_spi.o(.text)
    SPI_BiDirectionalLineConfig              0x0800192b   Thumb Code    28  stm32f10x_spi.o(.text)
    SPI_I2S_GetFlagStatus                    0x08001947   Thumb Code    18  stm32f10x_spi.o(.text)
    SPI_I2S_ClearFlag                        0x08001959   Thumb Code     6  stm32f10x_spi.o(.text)
    SPI_I2S_GetITStatus                      0x0800195f   Thumb Code    52  stm32f10x_spi.o(.text)
    SPI_I2S_ClearITPendingBit                0x08001993   Thumb Code    20  stm32f10x_spi.o(.text)
    TIM_DeInit                               0x080019b5   Thumb Code   424  stm32f10x_tim.o(.text)
    TIM_TimeBaseInit                         0x08001b5d   Thumb Code   122  stm32f10x_tim.o(.text)
    TIM_OC1Init                              0x08001bd7   Thumb Code   132  stm32f10x_tim.o(.text)
    TIM_OC2Init                              0x08001c5b   Thumb Code   154  stm32f10x_tim.o(.text)
    TIM_OC3Init                              0x08001cf5   Thumb Code   150  stm32f10x_tim.o(.text)
    TIM_OC4Init                              0x08001d8b   Thumb Code   182  stm32f10x_tim.o(.text)
    TIM_SetIC4Prescaler                      0x08001e41   Thumb Code    26  stm32f10x_tim.o(.text)
    TIM_SetIC3Prescaler                      0x08001edd   Thumb Code    18  stm32f10x_tim.o(.text)
    TIM_SetIC2Prescaler                      0x08001f69   Thumb Code    26  stm32f10x_tim.o(.text)
    TIM_SetIC1Prescaler                      0x08002005   Thumb Code    18  stm32f10x_tim.o(.text)
    TIM_ICInit                               0x08002083   Thumb Code   150  stm32f10x_tim.o(.text)
    TIM_PWMIConfig                           0x08002119   Thumb Code   124  stm32f10x_tim.o(.text)
    TIM_BDTRConfig                           0x08002195   Thumb Code    32  stm32f10x_tim.o(.text)
    TIM_TimeBaseStructInit                   0x080021b5   Thumb Code    18  stm32f10x_tim.o(.text)
    TIM_OCStructInit                         0x080021c7   Thumb Code    20  stm32f10x_tim.o(.text)
    TIM_ICStructInit                         0x080021db   Thumb Code    18  stm32f10x_tim.o(.text)
    TIM_BDTRStructInit                       0x080021ed   Thumb Code    40  stm32f10x_tim.o(.text)
    TIM_Cmd                                  0x08002215   Thumb Code    24  stm32f10x_tim.o(.text)
    TIM_CtrlPWMOutputs                       0x0800222d   Thumb Code    30  stm32f10x_tim.o(.text)
    TIM_ITConfig                             0x0800224b   Thumb Code    18  stm32f10x_tim.o(.text)
    TIM_GenerateEvent                        0x0800225d   Thumb Code     4  stm32f10x_tim.o(.text)
    TIM_DMAConfig                            0x08002261   Thumb Code    10  stm32f10x_tim.o(.text)
    TIM_DMACmd                               0x0800226b   Thumb Code    18  stm32f10x_tim.o(.text)
    TIM_InternalClockConfig                  0x0800227d   Thumb Code    12  stm32f10x_tim.o(.text)
    TIM_SelectInputTrigger                   0x08002289   Thumb Code    18  stm32f10x_tim.o(.text)
    TIM_ITRxExternalClockConfig              0x0800229b   Thumb Code    24  stm32f10x_tim.o(.text)
    TIM_TIxExternalClockConfig               0x080022b3   Thumb Code    62  stm32f10x_tim.o(.text)
    TIM_ETRConfig                            0x080022f1   Thumb Code    28  stm32f10x_tim.o(.text)
    TIM_ETRClockMode1Config                  0x0800230d   Thumb Code    54  stm32f10x_tim.o(.text)
    TIM_ETRClockMode2Config                  0x08002343   Thumb Code    32  stm32f10x_tim.o(.text)
    TIM_PrescalerConfig                      0x08002363   Thumb Code     6  stm32f10x_tim.o(.text)
    TIM_CounterModeConfig                    0x08002369   Thumb Code    18  stm32f10x_tim.o(.text)
    TIM_EncoderInterfaceConfig               0x0800237b   Thumb Code    66  stm32f10x_tim.o(.text)
    TIM_ForcedOC1Config                      0x080023bd   Thumb Code    18  stm32f10x_tim.o(.text)
    TIM_ForcedOC2Config                      0x080023cf   Thumb Code    26  stm32f10x_tim.o(.text)
    TIM_ForcedOC3Config                      0x080023e9   Thumb Code    18  stm32f10x_tim.o(.text)
    TIM_ForcedOC4Config                      0x080023fb   Thumb Code    26  stm32f10x_tim.o(.text)
    TIM_ARRPreloadConfig                     0x08002415   Thumb Code    24  stm32f10x_tim.o(.text)
    TIM_SelectCOM                            0x0800242d   Thumb Code    24  stm32f10x_tim.o(.text)
    TIM_SelectCCDMA                          0x08002445   Thumb Code    24  stm32f10x_tim.o(.text)
    TIM_CCPreloadControl                     0x0800245d   Thumb Code    24  stm32f10x_tim.o(.text)
    TIM_OC1PreloadConfig                     0x08002475   Thumb Code    18  stm32f10x_tim.o(.text)
    TIM_OC2PreloadConfig                     0x08002487   Thumb Code    26  stm32f10x_tim.o(.text)
    TIM_OC3PreloadConfig                     0x080024a1   Thumb Code    18  stm32f10x_tim.o(.text)
    TIM_OC4PreloadConfig                     0x080024b3   Thumb Code    26  stm32f10x_tim.o(.text)
    TIM_OC1FastConfig                        0x080024cd   Thumb Code    18  stm32f10x_tim.o(.text)
    TIM_OC2FastConfig                        0x080024df   Thumb Code    26  stm32f10x_tim.o(.text)
    TIM_OC3FastConfig                        0x080024f9   Thumb Code    18  stm32f10x_tim.o(.text)
    TIM_OC4FastConfig                        0x0800250b   Thumb Code    26  stm32f10x_tim.o(.text)
    TIM_ClearOC1Ref                          0x08002525   Thumb Code    18  stm32f10x_tim.o(.text)
    TIM_ClearOC2Ref                          0x08002537   Thumb Code    24  stm32f10x_tim.o(.text)
    TIM_ClearOC3Ref                          0x0800254f   Thumb Code    18  stm32f10x_tim.o(.text)
    TIM_ClearOC4Ref                          0x08002561   Thumb Code    24  stm32f10x_tim.o(.text)
    TIM_OC1PolarityConfig                    0x08002579   Thumb Code    18  stm32f10x_tim.o(.text)
    TIM_OC1NPolarityConfig                   0x0800258b   Thumb Code    18  stm32f10x_tim.o(.text)
    TIM_OC2PolarityConfig                    0x0800259d   Thumb Code    26  stm32f10x_tim.o(.text)
    TIM_OC2NPolarityConfig                   0x080025b7   Thumb Code    26  stm32f10x_tim.o(.text)
    TIM_OC3PolarityConfig                    0x080025d1   Thumb Code    26  stm32f10x_tim.o(.text)
    TIM_OC3NPolarityConfig                   0x080025eb   Thumb Code    26  stm32f10x_tim.o(.text)
    TIM_OC4PolarityConfig                    0x08002605   Thumb Code    26  stm32f10x_tim.o(.text)
    TIM_CCxCmd                               0x0800261f   Thumb Code    30  stm32f10x_tim.o(.text)
    TIM_CCxNCmd                              0x0800263d   Thumb Code    30  stm32f10x_tim.o(.text)
    TIM_SelectOCxM                           0x0800265b   Thumb Code    82  stm32f10x_tim.o(.text)
    TIM_UpdateDisableConfig                  0x080026ad   Thumb Code    24  stm32f10x_tim.o(.text)
    TIM_UpdateRequestConfig                  0x080026c5   Thumb Code    24  stm32f10x_tim.o(.text)
    TIM_SelectHallSensor                     0x080026dd   Thumb Code    24  stm32f10x_tim.o(.text)
    TIM_SelectOnePulseMode                   0x080026f5   Thumb Code    18  stm32f10x_tim.o(.text)
    TIM_SelectOutputTrigger                  0x08002707   Thumb Code    18  stm32f10x_tim.o(.text)
    TIM_SelectSlaveMode                      0x08002719   Thumb Code    18  stm32f10x_tim.o(.text)
    TIM_SelectMasterSlaveMode                0x0800272b   Thumb Code    18  stm32f10x_tim.o(.text)
    TIM_SetCounter                           0x0800273d   Thumb Code     4  stm32f10x_tim.o(.text)
    TIM_SetAutoreload                        0x08002741   Thumb Code     4  stm32f10x_tim.o(.text)
    TIM_SetCompare1                          0x08002745   Thumb Code     4  stm32f10x_tim.o(.text)
    TIM_SetCompare2                          0x08002749   Thumb Code     4  stm32f10x_tim.o(.text)
    TIM_SetCompare3                          0x0800274d   Thumb Code     4  stm32f10x_tim.o(.text)
    TIM_SetCompare4                          0x08002751   Thumb Code     6  stm32f10x_tim.o(.text)
    TIM_SetClockDivision                     0x08002757   Thumb Code    18  stm32f10x_tim.o(.text)
    TIM_GetCapture1                          0x08002769   Thumb Code     6  stm32f10x_tim.o(.text)
    TIM_GetCapture2                          0x0800276f   Thumb Code     6  stm32f10x_tim.o(.text)
    TIM_GetCapture3                          0x08002775   Thumb Code     6  stm32f10x_tim.o(.text)
    TIM_GetCapture4                          0x0800277b   Thumb Code     8  stm32f10x_tim.o(.text)
    TIM_GetCounter                           0x08002783   Thumb Code     6  stm32f10x_tim.o(.text)
    TIM_GetPrescaler                         0x08002789   Thumb Code     6  stm32f10x_tim.o(.text)
    TIM_GetFlagStatus                        0x0800278f   Thumb Code    18  stm32f10x_tim.o(.text)
    TIM_ClearFlag                            0x080027a1   Thumb Code     6  stm32f10x_tim.o(.text)
    TIM_GetITStatus                          0x080027a7   Thumb Code    34  stm32f10x_tim.o(.text)
    TIM_ClearITPendingBit                    0x080027c9   Thumb Code     6  stm32f10x_tim.o(.text)
    USART_DeInit                             0x080027d1   Thumb Code   134  stm32f10x_usart.o(.text)
    USART_Init                               0x08002857   Thumb Code   210  stm32f10x_usart.o(.text)
    USART_StructInit                         0x08002929   Thumb Code    24  stm32f10x_usart.o(.text)
    USART_ClockInit                          0x08002941   Thumb Code    34  stm32f10x_usart.o(.text)
    USART_ClockStructInit                    0x08002963   Thumb Code    12  stm32f10x_usart.o(.text)
    USART_Cmd                                0x0800296f   Thumb Code    24  stm32f10x_usart.o(.text)
    USART_ITConfig                           0x08002987   Thumb Code    74  stm32f10x_usart.o(.text)
    USART_DMACmd                             0x080029d1   Thumb Code    18  stm32f10x_usart.o(.text)
    USART_SetAddress                         0x080029e3   Thumb Code    18  stm32f10x_usart.o(.text)
    USART_WakeUpConfig                       0x080029f5   Thumb Code    18  stm32f10x_usart.o(.text)
    USART_ReceiverWakeUpCmd                  0x08002a07   Thumb Code    24  stm32f10x_usart.o(.text)
    USART_LINBreakDetectLengthConfig         0x08002a1f   Thumb Code    18  stm32f10x_usart.o(.text)
    USART_LINCmd                             0x08002a31   Thumb Code    24  stm32f10x_usart.o(.text)
    USART_SendData                           0x08002a49   Thumb Code     8  stm32f10x_usart.o(.text)
    USART_ReceiveData                        0x08002a51   Thumb Code    10  stm32f10x_usart.o(.text)
    USART_SendBreak                          0x08002a5b   Thumb Code    10  stm32f10x_usart.o(.text)
    USART_SetGuardTime                       0x08002a65   Thumb Code    16  stm32f10x_usart.o(.text)
    USART_SetPrescaler                       0x08002a75   Thumb Code    16  stm32f10x_usart.o(.text)
    USART_SmartCardCmd                       0x08002a85   Thumb Code    24  stm32f10x_usart.o(.text)
    USART_SmartCardNACKCmd                   0x08002a9d   Thumb Code    24  stm32f10x_usart.o(.text)
    USART_HalfDuplexCmd                      0x08002ab5   Thumb Code    24  stm32f10x_usart.o(.text)
    USART_OverSampling8Cmd                   0x08002acd   Thumb Code    22  stm32f10x_usart.o(.text)
    USART_OneBitMethodCmd                    0x08002ae3   Thumb Code    24  stm32f10x_usart.o(.text)
    USART_IrDAConfig                         0x08002afb   Thumb Code    18  stm32f10x_usart.o(.text)
    USART_IrDACmd                            0x08002b0d   Thumb Code    24  stm32f10x_usart.o(.text)
    USART_GetFlagStatus                      0x08002b25   Thumb Code    26  stm32f10x_usart.o(.text)
    USART_ClearFlag                          0x08002b3f   Thumb Code    18  stm32f10x_usart.o(.text)
    USART_GetITStatus                        0x08002b51   Thumb Code    84  stm32f10x_usart.o(.text)
    USART_ClearITPendingBit                  0x08002ba5   Thumb Code    52  stm32f10x_usart.o(.text)
    delay_init                               0x08002bd9   Thumb Code    50  delay.o(.text)
    delay_us                                 0x08002c0b   Thumb Code    72  delay.o(.text)
    delay_ms                                 0x08002c53   Thumb Code    72  delay.o(.text)
    _sys_exit                                0x08002cad   Thumb Code     4  usart.o(.text)
    uart_init                                0x08002cb1   Thumb Code   152  usart.o(.text)
    USART1_IRQHandler                        0x08002d49   Thumb Code   122  usart.o(.text)
    AD9854_Update                            0x08002dd5   Thumb Code    22  ad9854.o(.text)
    SPI1_ReadWriteByte                       0x08002deb   Thumb Code    78  ad9854.o(.text)
    AD9854_Ctr                               0x08002e39   Thumb Code    60  ad9854.o(.text)
    AD9864_Reset                             0x08002e75   Thumb Code    30  ad9854.o(.text)
    SPI1_SetSpeed                            0x08002e93   Thumb Code    26  ad9854.o(.text)
    master_reset                             0x08002ead   Thumb Code    28  ad9854.o(.text)
    AD9854_Init                              0x08002ec9   Thumb Code   200  ad9854.o(.text)
    AD9854_Write_FTW                         0x08002f91   Thumb Code   120  ad9854.o(.text)
    AD9854_SetSine                           0x08003009   Thumb Code    14  ad9854.o(.text)
    LED_Init                                 0x08003041   Thumb Code    40  led.o(.text)
    PE43503_Init                             0x0800306d   Thumb Code    56  pe43503.o(.text)
    PE43503_Send                             0x080030a5   Thumb Code   142  pe43503.o(.text)
    match                                    0x08003141   Thumb Code    36  tool.o(.text)
    clear                                    0x08003165   Thumb Code    16  tool.o(.text)
    deal                                     0x08003175   Thumb Code   102  tool.o(.text)
    HSMP3816_Init                            0x080031dd   Thumb Code    94  hsmp3816.o(.text)
    HSMP3816_Control                         0x0800323b   Thumb Code    80  hsmp3816.o(.text)
    Key_Init                                 0x08003299   Thumb Code    40  key.o(.text)
    KEY_Scan                                 0x080032c1   Thumb Code   294  key.o(.text)
    USARTX_Init                              0x080033f5   Thumb Code   164  my_usart.o(.text)
    fputc                                    0x08003499   Thumb Code    32  my_usart.o(.text)
    UART4_IRQHandler                         0x080034b9   Thumb Code   122  my_usart.o(.text)
    receiveMatch                             0x08003533   Thumb Code    34  my_usart.o(.text)
    afterDeal                                0x08003555   Thumb Code    66  my_usart.o(.text)
    LCD_WR_REG                               0x080035b5   Thumb Code     6  lcd.o(.text)
    LCD_WR_DATA                              0x080035bb   Thumb Code     8  lcd.o(.text)
    LCD_RD_DATA                              0x080035c3   Thumb Code     8  lcd.o(.text)
    LCD_WriteReg                             0x080035cb   Thumb Code    10  lcd.o(.text)
    LCD_ReadReg                              0x080035d5   Thumb Code    22  lcd.o(.text)
    LCD_WriteRAM_Prepare                     0x080035eb   Thumb Code    10  lcd.o(.text)
    LCD_WriteRAM                             0x080035f5   Thumb Code     8  lcd.o(.text)
    LCD_BGR2RGB                              0x080035fd   Thumb Code    26  lcd.o(.text)
    opt_delay                                0x08003617   Thumb Code    14  lcd.o(.text)
    LCD_SetCursor                            0x08003625   Thumb Code   112  lcd.o(.text)
    LCD_ReadPoint                            0x08003695   Thumb Code   276  lcd.o(.text)
    LCD_DisplayOn                            0x080037a9   Thumb Code    46  lcd.o(.text)
    LCD_DisplayOff                           0x080037d7   Thumb Code    44  lcd.o(.text)
    LCD_Scan_Dir                             0x08003803   Thumb Code   462  lcd.o(.text)
    LCD_DrawPoint                            0x080039d1   Thumb Code    28  lcd.o(.text)
    LCD_Fast_DrawPoint                       0x080039ed   Thumb Code   128  lcd.o(.text)
    LCD_Display_Dir                          0x08003a6d   Thumb Code   238  lcd.o(.text)
    LCD_Clear                                0x08003b5b   Thumb Code    42  lcd.o(.text)
    LCD_Init                                 0x08003b85   Thumb Code  1016  lcd.o(.text)
    LCD_Fill                                 0x08003f7d   Thumb Code    80  lcd.o(.text)
    LCD_Color_Fill                           0x08003fcd   Thumb Code    92  lcd.o(.text)
    LCD_DrawLine                             0x08004029   Thumb Code   176  lcd.o(.text)
    LCD_DrawRectangle                        0x080040d9   Thumb Code    60  lcd.o(.text)
    Draw_Circle                              0x08004115   Thumb Code   152  lcd.o(.text)
    LCD_ShowChar                             0x080041ad   Thumb Code   368  lcd.o(.text)
    LCD_Pow                                  0x0800431d   Thumb Code    22  lcd.o(.text)
    LCD_ShowNum                              0x08004333   Thumb Code   148  lcd.o(.text)
    LCD_ShowxNum                             0x080043c7   Thumb Code   190  lcd.o(.text)
    LCD_ShowString                           0x08004485   Thumb Code   102  lcd.o(.text)
    LCD_Draw_Point                           0x080044ed   Thumb Code    32  chinese.o(.text)
    LCD_ShowOne                              0x0800450d   Thumb Code   112  chinese.o(.text)
    LCD_ShowFont                             0x0800457d   Thumb Code    56  chinese.o(.text)
    LCD_ShowBmp                              0x080045b5   Thumb Code    78  chinese.o(.text)
    LCD_show                                 0x08004609   Thumb Code    68  lcddisplay.o(.text)
    LCD_show_nextLine                        0x0800464d   Thumb Code    56  lcddisplay.o(.text)
    LCD_show_center                          0x08004685   Thumb Code    86  lcddisplay.o(.text)
    LCD_show_string                          0x080046db   Thumb Code    64  lcddisplay.o(.text)
    LCD_show_int                             0x0800471b   Thumb Code    60  lcddisplay.o(.text)
    LCD_Show_Init                            0x08004757   Thumb Code   126  lcddisplay.o(.text)
    __aeabi_memcpy                           0x08004805   Thumb Code    36  memcpya.o(.text)
    __aeabi_memcpy4                          0x08004805   Thumb Code     0  memcpya.o(.text)
    __aeabi_memcpy8                          0x08004805   Thumb Code     0  memcpya.o(.text)
    __aeabi_memset                           0x08004829   Thumb Code    14  memseta.o(.text)
    __aeabi_memset4                          0x08004829   Thumb Code     0  memseta.o(.text)
    __aeabi_memset8                          0x08004829   Thumb Code     0  memseta.o(.text)
    __aeabi_memclr                           0x08004837   Thumb Code     4  memseta.o(.text)
    __aeabi_memclr4                          0x08004837   Thumb Code     0  memseta.o(.text)
    __aeabi_memclr8                          0x08004837   Thumb Code     0  memseta.o(.text)
    _memset$wrapper                          0x0800483b   Thumb Code    18  memseta.o(.text)
    strcat                                   0x0800484d   Thumb Code    24  strcat.o(.text)
    strlen                                   0x08004865   Thumb Code    14  strlen.o(.text)
    strcmp                                   0x08004873   Thumb Code    28  strcmp.o(.text)
    __0sscanf                                0x08004891   Thumb Code    48  __0sscanf.o(.text)
    _scanf_string                            0x080048c9   Thumb Code   224  _scanf_str.o(.text)
    atoi                                     0x080049a9   Thumb Code    26  atoi.o(.text)
    __aeabi_fmul                             0x080049c3   Thumb Code   100  fmul.o(.text)
    __aeabi_fdiv                             0x08004a27   Thumb Code   124  fdiv.o(.text)
    __aeabi_dmul                             0x08004aa3   Thumb Code   228  dmul.o(.text)
    __aeabi_ddiv                             0x08004b87   Thumb Code   222  ddiv.o(.text)
    __aeabi_i2f                              0x08004c65   Thumb Code    18  fflti.o(.text)
    __aeabi_i2d                              0x08004c77   Thumb Code    34  dflti.o(.text)
    __aeabi_f2uiz                            0x08004c99   Thumb Code    40  ffixui.o(.text)
    __aeabi_d2uiz                            0x08004cc1   Thumb Code    50  dfixui.o(.text)
    __aeabi_f2d                              0x08004cf3   Thumb Code    38  f2d.o(.text)
    __aeabi_d2f                              0x08004d19   Thumb Code    56  d2f.o(.text)
    __aeabi_uldivmod                         0x08004d51   Thumb Code    98  uldiv.o(.text)
    __aeabi_llsr                             0x08004db3   Thumb Code    32  llushr.o(.text)
    _ll_ushift_r                             0x08004db3   Thumb Code     0  llushr.o(.text)
    __vfscanf_char                           0x08004de1   Thumb Code    20  scanf_char.o(.text)
    _sgetc                                   0x08004dfd   Thumb Code    30  _sgetc.o(.text)
    _sbackspace                              0x08004e1b   Thumb Code    34  _sgetc.o(.text)
    strtol                                   0x08004e3d   Thumb Code   112  strtol.o(.text)
    __I$use$fp                               0x08004ead   Thumb Code     0  iusefp.o(.text)
    _float_round                             0x08004ead   Thumb Code    18  fepilogue.o(.text)
    _float_epilogue                          0x08004ebf   Thumb Code    92  fepilogue.o(.text)
    _double_round                            0x08004f1b   Thumb Code    30  depilogue.o(.text)
    _double_epilogue                         0x08004f39   Thumb Code   156  depilogue.o(.text)
    __scatterload                            0x08004fd5   Thumb Code    28  init.o(.text)
    __scatterload_rt2                        0x08004fd5   Thumb Code     0  init.o(.text)
    __aeabi_llsl                             0x08004ff9   Thumb Code    30  llshl.o(.text)
    _ll_shift_l                              0x08004ff9   Thumb Code     0  llshl.o(.text)
    __rt_ctype_table                         0x08005019   Thumb Code     4  ctype_o.o(.text)
    isspace                                  0x08005021   Thumb Code    18  isspace_o.o(.text)
    __vfscanf                                0x08005035   Thumb Code   808  _scanf.o(.text)
    _strtoul                                 0x08005361   Thumb Code   158  _strtoul.o(.text)
    _chval                                   0x080053ff   Thumb Code    28  _chval.o(.text)
    __decompress                             0x0800541b   Thumb Code     0  __dczerorl2.o(.text)
    __decompress1                            0x0800541b   Thumb Code    86  __dczerorl2.o(.text)
    __0printf$5                              0x08005471   Thumb Code    22  printf5.o(i.__0printf$5)
    __1printf$5                              0x08005471   Thumb Code     0  printf5.o(i.__0printf$5)
    __2printf                                0x08005471   Thumb Code     0  printf5.o(i.__0printf$5)
    __0sprintf$5                             0x08005491   Thumb Code    34  printf5.o(i.__0sprintf$5)
    __1sprintf$5                             0x08005491   Thumb Code     0  printf5.o(i.__0sprintf$5)
    __2sprintf                               0x08005491   Thumb Code     0  printf5.o(i.__0sprintf$5)
    __aeabi_errno_addr                       0x080054b9   Thumb Code     4  errno.o(i.__aeabi_errno_addr)
    __rt_errno_addr                          0x080054b9   Thumb Code     0  errno.o(i.__aeabi_errno_addr)
    __scatterload_copy                       0x080054c1   Thumb Code    14  handlers.o(i.__scatterload_copy)
    __scatterload_null                       0x080054cf   Thumb Code     2  handlers.o(i.__scatterload_null)
    __scatterload_zeroinit                   0x080054d1   Thumb Code    14  handlers.o(i.__scatterload_zeroinit)
    asc2_1206                                0x080057aa   Data        1140  lcd.o(.constdata)
    asc2_1608                                0x08005c1e   Data        1520  lcd.o(.constdata)
    zzu                                      0x0800620e   Data        9380  chfont.o(.constdata)
    __ctype_table                            0x080086b2   Data         129  ctype_o.o(.constdata)
    Region$$Table$$Base                      0x08008738   Number         0  anon$$obj.o(Region$$Table)
    Region$$Table$$Limit                     0x08008758   Number         0  anon$$obj.o(Region$$Table)
    times                                    0x20000000   Data           4  main.o(.data)
    TIM3_Count                               0x20000004   Data           1  main.o(.data)
    tt                                       0x20000006   Data           2  main.o(.data)
    temp                                     0x20000008   Data           4  main.o(.data)
    frequceny                                0x2000000c   Data           4  main.o(.data)
    SystemCoreClock                          0x20000010   Data           4  system_stm32f10x.o(.data)
    AHBPrescTable                            0x20000014   Data          16  system_stm32f10x.o(.data)
    __stdout                                 0x2000003c   Data           4  usart.o(.data)
    USART_RX_STA                             0x20000040   Data           2  usart.o(.data)
    USARTX_RX_STA                            0x20000044   Data           2  my_usart.o(.data)
    POINT_COLOR                              0x20000046   Data           2  lcd.o(.data)
    BACK_COLOR                               0x20000048   Data           2  lcd.o(.data)
    LCD_Point                                0x2000004a   Data           8  lcddisplay.o(.data)
    LCD_POINT_DB                             0x20000052   Data           8  lcddisplay.o(.data)
    LCD_POINT_HZ                             0x2000005a   Data           8  lcddisplay.o(.data)
    ZZU                                      0x20000062   Data         128  chfont.o(.data)
    PL                                       0x200000e2   Data          64  chfont.o(.data)
    SHJ                                      0x20000122   Data          64  chfont.o(.data)
    JT                                       0x20000162   Data          32  chfont.o(.data)
    USART_RX_BUF                             0x20000188   Data         200  usart.o(.bss)
    SPI_InitStructure                        0x20000250   Data          18  ad9854.o(.bss)
    USARTX_RX_BUF                            0x20000262   Data         200  my_usart.o(.bss)
    lcddev                                   0x2000032a   Data          10  lcd.o(.bss)
    __initial_sp                             0x20000738   Data           0  startup_stm32f10x_hd.o(STACK)



==============================================================================

Memory Map of the image

  Image Entry point : 0x08000131

  Load Region LR_IROM1 (Base: 0x08000000, Size: 0x000088e0, Max: 0x00040000, ABSOLUTE, COMPRESSED[0x00008870])

    Execution Region ER_IROM1 (Base: 0x08000000, Size: 0x00008758, Max: 0x00040000, ABSOLUTE)

    Base Addr    Size         Type   Attr      Idx    E Section Name        Object

    0x08000000   0x00000130   Data   RO          245    RESET               startup_stm32f10x_hd.o
    0x08000130   0x00000000   Code   RO          816  * .ARM.Collect$$$$00000000  mc_w.l(entry.o)
    0x08000130   0x00000004   Code   RO         1146    .ARM.Collect$$$$00000001  mc_w.l(entry2.o)
    0x08000134   0x00000004   Code   RO         1149    .ARM.Collect$$$$00000004  mc_w.l(entry5.o)
    0x08000138   0x00000000   Code   RO         1151    .ARM.Collect$$$$00000008  mc_w.l(entry7b.o)
    0x08000138   0x00000000   Code   RO         1153    .ARM.Collect$$$$0000000A  mc_w.l(entry8b.o)
    0x08000138   0x00000008   Code   RO         1154    .ARM.Collect$$$$0000000B  mc_w.l(entry9a.o)
    0x08000140   0x00000000   Code   RO         1156    .ARM.Collect$$$$0000000D  mc_w.l(entry10a.o)
    0x08000140   0x00000000   Code   RO         1158    .ARM.Collect$$$$0000000F  mc_w.l(entry11a.o)
    0x08000140   0x00000004   Code   RO         1147    .ARM.Collect$$$$00002712  mc_w.l(entry2.o)
    0x08000144   0x000002b4   Code   RO            1    .text               main.o
    0x080003f8   0x0000001a   Code   RO          173    .text               stm32f10x_it.o
    0x08000412   0x00000002   PAD
    0x08000414   0x000001e0   Code   RO          214    .text               system_stm32f10x.o
    0x080005f4   0x00000024   Code   RO          246    .text               startup_stm32f10x_hd.o
    0x08000618   0x000000dc   Code   RO          250    .text               misc.o
    0x080006f4   0x0000018c   Code   RO          322    .text               stm32f10x_dac.o
    0x08000880   0x0000011c   Code   RO          358    .text               stm32f10x_exti.o
    0x0800099c   0x0000060c   Code   RO          382    .text               stm32f10x_fsmc.o
    0x08000fa8   0x0000035c   Code   RO          394    .text               stm32f10x_gpio.o
    0x08001304   0x000003a4   Code   RO          442    .text               stm32f10x_rcc.o
    0x080016a8   0x0000030c   Code   RO          480    .text               stm32f10x_spi.o
    0x080019b4   0x00000e1a   Code   RO          492    .text               stm32f10x_tim.o
    0x080027ce   0x00000002   PAD
    0x080027d0   0x00000408   Code   RO          504    .text               stm32f10x_usart.o
    0x08002bd8   0x000000d4   Code   RO          528    .text               delay.o
    0x08002cac   0x00000128   Code   RO          558    .text               usart.o
    0x08002dd4   0x0000026c   Code   RO          581    .text               ad9854.o
    0x08003040   0x0000002c   Code   RO          599    .text               led.o
    0x0800306c   0x000000d4   Code   RO          611    .text               pe43503.o
    0x08003140   0x0000009a   Code   RO          626    .text               tool.o
    0x080031da   0x00000002   PAD
    0x080031dc   0x000000bc   Code   RO          645    .text               hsmp3816.o
    0x08003298   0x0000015c   Code   RO          684    .text               key.o
    0x080033f4   0x000001c0   Code   RO          697    .text               my_usart.o
    0x080035b4   0x00000f36   Code   RO          717    .text               lcd.o
    0x080044ea   0x00000002   PAD
    0x080044ec   0x0000011c   Code   RO          747    .text               chinese.o
    0x08004608   0x000001fc   Code   RO          759    .text               lcddisplay.o
    0x08004804   0x00000024   Code   RO          819    .text               mc_w.l(memcpya.o)
    0x08004828   0x00000024   Code   RO          821    .text               mc_w.l(memseta.o)
    0x0800484c   0x00000018   Code   RO          823    .text               mc_w.l(strcat.o)
    0x08004864   0x0000000e   Code   RO          825    .text               mc_w.l(strlen.o)
    0x08004872   0x0000001c   Code   RO          827    .text               mc_w.l(strcmp.o)
    0x0800488e   0x00000002   PAD
    0x08004890   0x00000038   Code   RO         1120    .text               mc_w.l(__0sscanf.o)
    0x080048c8   0x000000e0   Code   RO         1122    .text               mc_w.l(_scanf_str.o)
    0x080049a8   0x0000001a   Code   RO         1124    .text               mc_w.l(atoi.o)
    0x080049c2   0x00000064   Code   RO         1126    .text               mf_w.l(fmul.o)
    0x08004a26   0x0000007c   Code   RO         1128    .text               mf_w.l(fdiv.o)
    0x08004aa2   0x000000e4   Code   RO         1130    .text               mf_w.l(dmul.o)
    0x08004b86   0x000000de   Code   RO         1132    .text               mf_w.l(ddiv.o)
    0x08004c64   0x00000012   Code   RO         1134    .text               mf_w.l(fflti.o)
    0x08004c76   0x00000022   Code   RO         1136    .text               mf_w.l(dflti.o)
    0x08004c98   0x00000028   Code   RO         1138    .text               mf_w.l(ffixui.o)
    0x08004cc0   0x00000032   Code   RO         1140    .text               mf_w.l(dfixui.o)
    0x08004cf2   0x00000026   Code   RO         1142    .text               mf_w.l(f2d.o)
    0x08004d18   0x00000038   Code   RO         1144    .text               mf_w.l(d2f.o)
    0x08004d50   0x00000062   Code   RO         1162    .text               mc_w.l(uldiv.o)
    0x08004db2   0x00000020   Code   RO         1164    .text               mc_w.l(llushr.o)
    0x08004dd2   0x00000002   PAD
    0x08004dd4   0x00000028   Code   RO         1175    .text               mc_w.l(scanf_char.o)
    0x08004dfc   0x00000040   Code   RO         1177    .text               mc_w.l(_sgetc.o)
    0x08004e3c   0x00000070   Code   RO         1179    .text               mc_w.l(strtol.o)
    0x08004eac   0x00000000   Code   RO         1181    .text               mc_w.l(iusefp.o)
    0x08004eac   0x0000006e   Code   RO         1182    .text               mf_w.l(fepilogue.o)
    0x08004f1a   0x000000ba   Code   RO         1184    .text               mf_w.l(depilogue.o)
    0x08004fd4   0x00000024   Code   RO         1192    .text               mc_w.l(init.o)
    0x08004ff8   0x0000001e   Code   RO         1194    .text               mc_w.l(llshl.o)
    0x08005016   0x00000002   PAD
    0x08005018   0x00000008   Code   RO         1200    .text               mc_w.l(ctype_o.o)
    0x08005020   0x00000012   Code   RO         1222    .text               mc_w.l(isspace_o.o)
    0x08005032   0x00000002   PAD
    0x08005034   0x0000032c   Code   RO         1228    .text               mc_w.l(_scanf.o)
    0x08005360   0x0000009e   Code   RO         1230    .text               mc_w.l(_strtoul.o)
    0x080053fe   0x0000001c   Code   RO         1235    .text               mc_w.l(_chval.o)
    0x0800541a   0x00000056   Code   RO         1245    .text               mc_w.l(__dczerorl2.o)
    0x08005470   0x00000020   Code   RO          964    i.__0printf$5       mc_w.l(printf5.o)
    0x08005490   0x00000028   Code   RO          966    i.__0sprintf$5      mc_w.l(printf5.o)
    0x080054b8   0x00000008   Code   RO         1168    i.__aeabi_errno_addr  mc_w.l(errno.o)
    0x080054c0   0x0000000e   Code   RO         1239    i.__scatterload_copy  mc_w.l(handlers.o)
    0x080054ce   0x00000002   Code   RO         1240    i.__scatterload_null  mc_w.l(handlers.o)
    0x080054d0   0x0000000e   Code   RO         1241    i.__scatterload_zeroinit  mc_w.l(handlers.o)
    0x080054de   0x00000002   PAD
    0x080054e0   0x000002c0   Code   RO          971    i._printf_core      mc_w.l(printf5.o)
    0x080057a0   0x0000000a   Code   RO          973    i._sputc            mc_w.l(printf5.o)
    0x080057aa   0x00000a64   Data   RO          719    .constdata          lcd.o
    0x0800620e   0x000024a4   Data   RO          803    .constdata          chfont.o
    0x080086b2   0x00000081   Data   RO         1201    .constdata          mc_w.l(ctype_o.o)
    0x08008733   0x00000001   PAD
    0x08008734   0x00000004   Data   RO         1202    .constdata          mc_w.l(ctype_o.o)
    0x08008738   0x00000020   Data   RO         1237    Region$$Table       anon$$obj.o


    Execution Region RW_IRAM1 (Base: 0x20000000, Size: 0x00000738, Max: 0x0000c000, ABSOLUTE, COMPRESSED[0x00000118])

    Base Addr    Size         Type   Attr      Idx    E Section Name        Object

    0x20000000   0x00000010   Data   RW            3    .data               main.o
    0x20000010   0x00000014   Data   RW          215    .data               system_stm32f10x.o
    0x20000024   0x00000014   Data   RW          443    .data               stm32f10x_rcc.o
    0x20000038   0x00000004   Data   RW          529    .data               delay.o
    0x2000003c   0x00000006   Data   RW          560    .data               usart.o
    0x20000042   0x00000001   Data   RW          685    .data               key.o
    0x20000043   0x00000001   PAD
    0x20000044   0x00000002   Data   RW          699    .data               my_usart.o
    0x20000046   0x00000004   Data   RW          720    .data               lcd.o
    0x2000004a   0x00000018   Data   RW          760    .data               lcddisplay.o
    0x20000062   0x00000120   Data   RW          804    .data               chfont.o
    0x20000182   0x00000002   PAD
    0x20000184   0x00000004   Data   RW         1171    .data               mc_w.l(errno.o)
    0x20000188   0x000000c8   Zero   RW          559    .bss                usart.o
    0x20000250   0x00000012   Zero   RW          582    .bss                ad9854.o
    0x20000262   0x000000c8   Zero   RW          698    .bss                my_usart.o
    0x2000032a   0x0000000a   Zero   RW          718    .bss                lcd.o
    0x20000334   0x00000004   PAD
    0x20000338   0x00000400   Zero   RW          243    STACK               startup_stm32f10x_hd.o


==============================================================================

Image component sizes


      Code (inc. data)   RO Data    RW Data    ZI Data      Debug   Object Name

       620         42          0          0         18       2690   ad9854.o
         0          0       9380        288          0        628   chfont.o
       284          6          0          0          0       2206   chinese.o
         0          0          0          0          0         32   core_cm3.o
       212         18          0          4          0        987   delay.o
       188         14          0          0          0        785   hsmp3816.o
       348         14          0          1          0        860   key.o
      3894        100       2660          4         10      13596   lcd.o
       508         48          0         24          0       3470   lcddisplay.o
        44          4          0          0          0        439   led.o
       692        148          0         16          0     277691   main.o
       220         22          0          0          0       1745   misc.o
       448         30          0          2        200       2990   my_usart.o
       212         14          0          0          0        864   pe43503.o
        36          8        304          0       1024        764   startup_stm32f10x_hd.o
       396          6          0          0          0       3610   stm32f10x_dac.o
       284         10          0          0          0       2199   stm32f10x_exti.o
      1548         18          0          0          0       5323   stm32f10x_fsmc.o
       860         38          0          0          0       5677   stm32f10x_gpio.o
        26          0          0          0          0       1154   stm32f10x_it.o
       932         36          0         20          0       8828   stm32f10x_rcc.o
       780         14          0          0          0       6558   stm32f10x_spi.o
      3610         88          0          0          0      22784   stm32f10x_tim.o
      1032         22          0          0          0       8404   stm32f10x_usart.o
       480         38          0         20          0       1659   system_stm32f10x.o
       154          0          0          0          0       2595   tool.o
       296         18          0          6        200       2880   usart.o

    ----------------------------------------------------------------------
     18112        756      12376        388       1456     381418   Object Totals
         0          0         32          0          0          0   (incl. Generated)
         8          0          0          3          4          0   (incl. Padding)

    ----------------------------------------------------------------------

      Code (inc. data)   RO Data    RW Data    ZI Data      Debug   Library Member Name

        56          8          0          0          0         84   __0sscanf.o
        86          0          0          0          0          0   __dczerorl2.o
        28          0          0          0          0         68   _chval.o
       812          4          0          0          0        112   _scanf.o
       224          0          0          0          0         96   _scanf_str.o
        64          0          0          0          0         84   _sgetc.o
       158          0          0          0          0         92   _strtoul.o
        26          0          0          0          0         80   atoi.o
         8          4        133          0          0         68   ctype_o.o
         0          0          0          0          0          0   entry.o
         0          0          0          0          0          0   entry10a.o
         0          0          0          0          0          0   entry11a.o
         8          4          0          0          0          0   entry2.o
         4          0          0          0          0          0   entry5.o
         0          0          0          0          0          0   entry7b.o
         0          0          0          0          0          0   entry8b.o
         8          4          0          0          0          0   entry9a.o
         8          4          0          4          0         68   errno.o
        30          0          0          0          0          0   handlers.o
        36          8          0          0          0         68   init.o
        18          0          0          0          0         76   isspace_o.o
         0          0          0          0          0          0   iusefp.o
        30          0          0          0          0         68   llshl.o
        32          0          0          0          0         68   llushr.o
        36          0          0          0          0         68   memcpya.o
        36          0          0          0          0        108   memseta.o
       786         62          0          0          0        336   printf5.o
        40          8          0          0          0         84   scanf_char.o
        24          0          0          0          0         68   strcat.o
        28          0          0          0          0         76   strcmp.o
        14          0          0          0          0         68   strlen.o
       112          0          0          0          0         88   strtol.o
        98          0          0          0          0         92   uldiv.o
        56          0          0          0          0         88   d2f.o
       222          0          0          0          0        100   ddiv.o
       186          0          0          0          0        176   depilogue.o
        50          0          0          0          0         76   dfixui.o
        34          0          0          0          0         76   dflti.o
       228          0          0          0          0         96   dmul.o
        38          0          0          0          0         68   f2d.o
       124          0          0          0          0         88   fdiv.o
       110          0          0          0          0        168   fepilogue.o
        40          0          0          0          0         68   ffixui.o
        18          0          0          0          0         68   fflti.o
       100          0          0          0          0         76   fmul.o

    ----------------------------------------------------------------------
      4026        106        134          4          0       3168   Library Totals
        10          0          1          0          0          0   (incl. Padding)

    ----------------------------------------------------------------------

      Code (inc. data)   RO Data    RW Data    ZI Data      Debug   Library Name

      2810        106        133          4          0       2020   mc_w.l
      1206          0          0          0          0       1148   mf_w.l

    ----------------------------------------------------------------------
      4026        106        134          4          0       3168   Library Totals

    ----------------------------------------------------------------------

==============================================================================


      Code (inc. data)   RO Data    RW Data    ZI Data      Debug   

     22138        862      12510        392       1456     380866   Grand Totals
     22138        862      12510        280       1456     380866   ELF Image Totals (compressed)
     22138        862      12510        280          0          0   ROM Totals

==============================================================================

    Total RO  Size (Code + RO Data)                34648 (  33.84kB)
    Total RW  Size (RW Data + ZI Data)              1848 (   1.80kB)
    Total ROM Size (Code + RO Data + RW Data)      34928 (  34.11kB)

==============================================================================

